Component: ARM Compiler 5.06 update 7 (build 960) Tool: armlink [4d3601]

==============================================================================

Section Cross References

    main.o(i.main) refers to misc.o(i.NVIC_PriorityGroupConfig) for NVIC_PriorityGroupConfig
    main.o(i.main) refers to drv_usart.o(i.usart3_init) for usart3_init
    main.o(i.main) refers to drv_usart.o(i.usart_2_6_Init) for usart_2_6_Init
    main.o(i.main) refers to drv_led.o(i.led_init) for led_init
    main.o(i.main) refers to drv_systick.o(i.drv_systick_init) for drv_systick_init
    main.o(i.main) refers to drv_fan.o(i.fan_init) for fan_init
    main.o(i.main) refers to drv_time.o(i.tim4_delay_init) for tim4_delay_init
    main.o(i.main) refers to drv_sht20.o(i.sht20_init) for sht20_init
    main.o(i.main) refers to oled.o(i.OLED_Init) for OLED_Init
    main.o(i.main) refers to drv_sg90.o(i.sg90_init) for sg90_init
    main.o(i.main) refers to printfa.o(i.__0printf) for __2printf
    main.o(i.main) refers to main.o(i.update_oled_display) for update_oled_display
    main.o(i.main) refers to drv_sg90.o(i.robot_standup) for robot_standup
    main.o(i.main) refers to drv_sg90.o(i.robot_walk_continuous) for robot_walk_continuous
    main.o(i.main) refers to drv_sg90.o(i.robot_dance) for robot_dance
    main.o(i.main) refers to drv_sg90.o(i.robot_greet) for robot_greet
    main.o(i.main) refers to drv_sg90.o(i.robot_turn_left) for robot_turn_left
    main.o(i.main) refers to drv_sg90.o(i.robot_turn_right) for robot_turn_right
    main.o(i.main) refers to main.o(.data) for current_action
    main.o(i.main) refers to drv_sg90.o(.data) for wk_flag
    main.o(i.main) refers to stm32f4xx_it.o(.data) for dance_flag
    main.o(i.update_oled_display) refers to oled.o(i.OLED_Clear) for OLED_Clear
    main.o(i.update_oled_display) refers to oled.o(i.OLED_ShowPicture) for OLED_ShowPicture
    main.o(i.update_oled_display) refers to oled.o(i.OLED_Refresh) for OLED_Refresh
    main.o(i.update_oled_display) refers to drv_time.o(i.tim4_delay_ms) for tim4_delay_ms
    main.o(i.update_oled_display) refers to drv_sht20.o(i.sht20_getTdata) for sht20_getTdata
    main.o(i.update_oled_display) refers to drv_sht20.o(i.sht20_getRHdata) for sht20_getRHdata
    main.o(i.update_oled_display) refers to f2d.o(.text) for __aeabi_f2d
    main.o(i.update_oled_display) refers to printfa.o(i.__0sprintf) for __2sprintf
    main.o(i.update_oled_display) refers to oled.o(i.OLED_ShowString) for OLED_ShowString
    main.o(i.update_oled_display) refers to main.o(.data) for current_expression
    main.o(i.update_oled_display) refers to stm32f4xx_it.o(.data) for sht20_temp
    stm32f4xx_it.o(i.EXTI9_5_IRQHandler) refers to stm32f4xx_exti.o(i.EXTI_GetITStatus) for EXTI_GetITStatus
    stm32f4xx_it.o(i.EXTI9_5_IRQHandler) refers to stm32f4xx_exti.o(i.EXTI_ClearITPendingBit) for EXTI_ClearITPendingBit
    stm32f4xx_it.o(i.EXTI9_5_IRQHandler) refers to stm32f4xx_gpio.o(i.GPIO_ToggleBits) for GPIO_ToggleBits
    stm32f4xx_it.o(i.EXTI9_5_IRQHandler) refers to stm32f4xx_it.o(.data) for fan_speed
    stm32f4xx_it.o(i.USART2_IRQHandler) refers to stm32f4xx_usart.o(i.USART_GetITStatus) for USART_GetITStatus
    stm32f4xx_it.o(i.USART2_IRQHandler) refers to stm32f4xx_usart.o(i.USART_ClearITPendingBit) for USART_ClearITPendingBit
    stm32f4xx_it.o(i.USART2_IRQHandler) refers to stm32f4xx_usart.o(i.USART_ReceiveData) for USART_ReceiveData
    stm32f4xx_it.o(i.USART2_IRQHandler) refers to stm32f4xx_usart.o(i.USART_SendData) for USART_SendData
    stm32f4xx_it.o(i.USART2_IRQHandler) refers to stm32f4xx_usart.o(i.USART_GetFlagStatus) for USART_GetFlagStatus
    stm32f4xx_it.o(i.USART2_IRQHandler) refers to stm32f4xx_usart.o(i.USART_ClearFlag) for USART_ClearFlag
    stm32f4xx_it.o(i.USART2_IRQHandler) refers to stm32f4xx_it.o(i.process_command) for process_command
    stm32f4xx_it.o(i.USART2_IRQHandler) refers to stm32f4xx_it.o(.data) for rx_index
    stm32f4xx_it.o(i.USART2_IRQHandler) refers to stm32f4xx_it.o(.bss) for rx_buffer
    stm32f4xx_it.o(i.USART3_IRQHandler) refers to stm32f4xx_usart.o(i.USART_GetITStatus) for USART_GetITStatus
    stm32f4xx_it.o(i.USART3_IRQHandler) refers to stm32f4xx_usart.o(i.USART_ClearITPendingBit) for USART_ClearITPendingBit
    stm32f4xx_it.o(i.USART3_IRQHandler) refers to stm32f4xx_usart.o(i.USART_ReceiveData) for USART_ReceiveData
    stm32f4xx_it.o(i.USART3_IRQHandler) refers to stm32f4xx_usart.o(i.USART_SendData) for USART_SendData
    stm32f4xx_it.o(i.USART3_IRQHandler) refers to stm32f4xx_usart.o(i.USART_GetFlagStatus) for USART_GetFlagStatus
    stm32f4xx_it.o(i.USART3_IRQHandler) refers to stm32f4xx_usart.o(i.USART_ClearFlag) for USART_ClearFlag
    stm32f4xx_it.o(i.USART3_IRQHandler) refers to stm32f4xx_it.o(i.process_command) for process_command
    stm32f4xx_it.o(i.USART3_IRQHandler) refers to stm32f4xx_it.o(.data) for rx_index3
    stm32f4xx_it.o(i.USART3_IRQHandler) refers to stm32f4xx_it.o(.bss) for rx_buffer3
[...]
    ..\\libraries\\STM32F4xx_StdPeriph_Driver\\src\\stm32f4xx_fsmc.c 0x00000000   Number         0  stm32f4xx_fsmc.o ABSOLUTE
    ..\\libraries\\STM32F4xx_StdPeriph_Driver\\src\\stm32f4xx_gpio.c 0x00000000   Number         0  stm32f4xx_gpio.o ABSOLUTE
    ..\\libraries\\STM32F4xx_StdPeriph_Driver\\src\\stm32f4xx_hash.c 0x00000000   Number         0  stm32f4xx_hash.o ABSOLUTE
    ..\\libraries\\STM32F4xx_StdPeriph_Driver\\src\\stm32f4xx_hash_md5.c 0x00000000   Number         0  stm32f4xx_hash_md5.o ABSOLUTE
    ..\\libraries\\STM32F4xx_StdPeriph_Driver\\src\\stm32f4xx_hash_sha1.c 0x00000000   Number         0  stm32f4xx_hash_sha1.o ABSOLUTE
    ..\\libraries\\STM32F4xx_StdPeriph_Driver\\src\\stm32f4xx_i2c.c 0x00000000   Number         0  stm32f4xx_i2c.o ABSOLUTE
    ..\\libraries\\STM32F4xx_StdPeriph_Driver\\src\\stm32f4xx_iwdg.c 0x00000000   Number         0  stm32f4xx_iwdg.o ABSOLUTE
    ..\\libraries\\STM32F4xx_StdPeriph_Driver\\src\\stm32f4xx_lptim.c 0x00000000   Number         0  stm32f4xx_lptim.o ABSOLUTE
    ..\\libraries\\STM32F4xx_StdPeriph_Driver\\src\\stm32f4xx_ltdc.c 0x00000000   Number         0  stm32f4xx_ltdc.o ABSOLUTE
    ..\\libraries\\STM32F4xx_StdPeriph_Driver\\src\\stm32f4xx_pwr.c 0x00000000   Number         0  stm32f4xx_pwr.o ABSOLUTE
    ..\\libraries\\STM32F4xx_StdPeriph_Driver\\src\\stm32f4xx_qspi.c 0x00000000   Number         0  stm32f4xx_qspi.o ABSOLUTE
    ..\\libraries\\STM32F4xx_StdPeriph_Driver\\src\\stm32f4xx_rcc.c 0x00000000   Number         0  stm32f4xx_rcc.o ABSOLUTE
    ..\\libraries\\STM32F4xx_StdPeriph_Driver\\src\\stm32f4xx_rng.c 0x00000000   Number         0  stm32f4xx_rng.o ABSOLUTE
    ..\\libraries\\STM32F4xx_StdPeriph_Driver\\src\\stm32f4xx_rtc.c 0x00000000   Number         0  stm32f4xx_rtc.o ABSOLUTE
    ..\\libraries\\STM32F4xx_StdPeriph_Driver\\src\\stm32f4xx_sai.c 0x00000000   Number         0  stm32f4xx_sai.o ABSOLUTE
    ..\\libraries\\STM32F4xx_StdPeriph_Driver\\src\\stm32f4xx_sdio.c 0x00000000   Number         0  stm32f4xx_sdio.o ABSOLUTE
    ..\\libraries\\STM32F4xx_StdPeriph_Driver\\src\\stm32f4xx_spdifrx.c 0x00000000   Number         0  stm32f4xx_spdifrx.o ABSOLUTE
    ..\\libraries\\STM32F4xx_StdPeriph_Driver\\src\\stm32f4xx_spi.c 0x00000000   Number         0  stm32f4xx_spi.o ABSOLUTE
    ..\\libraries\\STM32F4xx_StdPeriph_Driver\\src\\stm32f4xx_syscfg.c 0x00000000   Number         0  stm32f4xx_syscfg.o ABSOLUTE
    ..\\libraries\\STM32F4xx_StdPeriph_Driver\\src\\stm32f4xx_tim.c 0x00000000   Number         0  stm32f4xx_tim.o ABSOLUTE
    ..\\libraries\\STM32F4xx_StdPeriph_Driver\\src\\stm32f4xx_usart.c 0x00000000   Number         0  stm32f4xx_usart.o ABSOLUTE
    ..\\libraries\\STM32F4xx_StdPeriph_Driver\\src\\stm32f4xx_wwdg.c 0x00000000   Number         0  stm32f4xx_wwdg.o ABSOLUTE
    ..\apps\main.c                           0x00000000   Number         0  main.o ABSOLUTE
    ..\apps\stm32f4xx_it.c                   0x00000000   Number         0  stm32f4xx_it.o ABSOLUTE
    ..\drivers\drv_adc\drv_adc.c             0x00000000   Number         0  drv_adc.o ABSOLUTE
    ..\drivers\drv_beep\drv_beep.c           0x00000000   Number         0  drv_beep.o ABSOLUTE
    ..\drivers\drv_dma\drv_dma.c             0x00000000   Number         0  drv_dma.o ABSOLUTE
    ..\drivers\drv_exti\drv_exti.c           0x00000000   Number         0  drv_exti.o ABSOLUTE
    ..\drivers\drv_fan\drv_fan.c             0x00000000   Number         0  drv_fan.o ABSOLUTE
    ..\drivers\drv_iic\drv_iic.c             0x00000000   Number         0  drv_iic.o ABSOLUTE
    ..\drivers\drv_key\drv_key.c             0x00000000   Number         0  drv_key.o ABSOLUTE
    ..\drivers\drv_led\drv_led.c             0x00000000   Number         0  drv_led.o ABSOLUTE
    ..\drivers\drv_motor\drv_motor.c         0x00000000   Number         0  drv_motor.o ABSOLUTE
    ..\drivers\drv_oled\oled.c               0x00000000   Number         0  oled.o ABSOLUTE
    ..\drivers\drv_seg\drv_seg.c             0x00000000   Number         0  drv_seg.o ABSOLUTE
    ..\drivers\drv_sg90\drv_sg90.c           0x00000000   Number         0  drv_sg90.o ABSOLUTE
    ..\drivers\drv_sht20\drv_sht20.c         0x00000000   Number         0  drv_sht20.o ABSOLUTE
    ..\drivers\drv_spi\drv_spi.c             0x00000000   Number         0  drv_spi.o ABSOLUTE
    ..\drivers\drv_systick\drv_systick.c     0x00000000   Number         0  drv_systick.o ABSOLUTE
    ..\drivers\drv_tim\drv_time.c            0x00000000   Number         0  drv_time.o ABSOLUTE
    ..\drivers\drv_usart\drv_usart.c         0x00000000   Number         0  drv_usart.o ABSOLUTE
    ..\drivers\drv_wifi\drv_wifi.c           0x00000000   Number         0  drv_wifi.o ABSOLUTE
    ..\freertos\Source\croutine.c            0x00000000   Number         0  croutine.o ABSOLUTE
    ..\freertos\Source\event_groups.c        0x00000000   Number         0  event_groups.o ABSOLUTE
    ..\freertos\Source\list.c                0x00000000   Number         0  list.o ABSOLUTE
    ..\freertos\Source\portable\MemMang\heap_4.c 0x00000000   Number         0  heap_4.o ABSOLUTE
    ..\freertos\Source\portable\RVDS\ARM_CM4F\port.c 0x00000000   Number         0  port.o ABSOLUTE
    ..\freertos\Source\queue.c               0x00000000   Number         0  queue.o ABSOLUTE
    ..\freertos\Source\tasks.c               0x00000000   Number         0  tasks.o ABSOLUTE
    ..\freertos\Source\timers.c              0x00000000   Number         0  timers.o ABSOLUTE
    ..\libraries\CMSIS\Device\ST\STM32F4xx\Source\Templates\arm\startup_stm32f40_41xxx.s 0x00000000   Number         0  startup_stm32f40_41xxx.o ABSOLUTE
    ..\libraries\CMSIS\Device\ST\STM32F4xx\Source\Templates\system_stm32f4xx.c 0x00000000   Number         0  system_stm32f4xx.o ABSOLUTE
    ..\libraries\STM32F4xx_StdPeriph_Driver\src\misc.c 0x00000000   Number         0  misc.o ABSOLUTE
    ..\libraries\STM32F4xx_StdPeriph_Driver\src\stm32f4xx_adc.c 0x00000000   Number         0  stm32f4xx_adc.o ABSOLUTE
    ..\libraries\STM32F4xx_StdPeriph_Driver\src\stm32f4xx_can.c 0x00000000   Number         0  stm32f4xx_can.o ABSOLUTE
    ..\libraries\STM32F4xx_StdPeriph_Driver\src\stm32f4xx_cec.c 0x00000000   Number         0  stm32f4xx_cec.o ABSOLUTE
    ..\libraries\STM32F4xx_StdPeriph_Driver\src\stm32f4xx_crc.c 0x00000000   Number         0  stm32f4xx_crc.o ABSOLUTE
    ..\libraries\STM32F4xx_StdPeriph_Driver\src\stm32f4xx_cryp.c 0x00000000   Number         0  stm32f4xx_cryp.o ABSOLUTE
    ..\libraries\STM32F4xx_StdPeriph_Driver\src\stm32f4xx_cryp_aes.c 0x00000000   Number         0  stm32f4xx_cryp_aes.o ABSOLUTE
    ..\libraries\STM32F4xx_StdPeriph_Driver\src\stm32f4xx_cryp_des.c 0x00000000   Number         0  stm32f4xx_cryp_des.o ABSOLUTE
    ..\libraries\STM32F4xx_StdPeriph_Driver\src\stm32f4xx_cryp_tdes.c 0x00000000   Number         0  stm32f4xx_cryp_tdes.o ABSOLUTE
    ..\libraries\STM32F4xx_StdPeriph_Driver\src\stm32f4xx_dac.c 0x00000000   Number         0  stm32f4xx_dac.o ABSOLUTE
    ..\libraries\STM32F4xx_StdPeriph_Driver\src\stm32f4xx_dbgmcu.c 0x00000000   Number         0  stm32f4xx_dbgmcu.o ABSOLUTE
    ..\libraries\STM32F4xx_StdPeriph_Driver\src\stm32f4xx_dcmi.c 0x00000000   Number         0  stm32f4xx_dcmi.o ABSOLUTE
    ..\libraries\STM32F4xx_StdPeriph_Driver\src\stm32f4xx_dfsdm.c 0x00000000   Number         0  stm32f4xx_dfsdm.o ABSOLUTE
    ..\libraries\STM32F4xx_StdPeriph_Driver\src\stm32f4xx_dma.c 0x00000000   Number         0  stm32f4xx_dma.o ABSOLUTE
    ..\libraries\STM32F4xx_StdPeriph_Driver\src\stm32f4xx_dma2d.c 0x00000000   Number         0  stm32f4xx_dma2d.o ABSOLUTE
    ..\libraries\STM32F4xx_StdPeriph_Driver\src\stm32f4xx_dsi.c 0x00000000   Number         0  stm32f4xx_dsi.o ABSOLUTE
    ..\libraries\STM32F4xx_StdPeriph_Driver\src\stm32f4xx_exti.c 0x00000000   Number         0  stm32f4xx_exti.o ABSOLUTE
    ..\libraries\STM32F4xx_StdPeriph_Driver\src\stm32f4xx_flash.c 0x00000000   Number         0  stm32f4xx_flash.o ABSOLUTE
    ..\libraries\STM32F4xx_StdPeriph_Driver\src\stm32f4xx_flash_ramfunc.c 0x00000000   Number         0  stm32f4xx_flash_ramfunc.o ABSOLUTE
    ..\libraries\STM32F4xx_StdPeriph_Driver\src\stm32f4xx_fmpi2c.c 0x00000000   Number         0  stm32f4xx_fmpi2c.o ABSOLUTE
    ..\libraries\STM32F4xx_StdPeriph_Driver\src\stm32f4xx_fsmc.c 0x00000000   Number         0  stm32f4xx_fsmc.o ABSOLUTE
    ..\libraries\STM32F4xx_StdPeriph_Driver\src\stm32f4xx_gpio.c 0x00000000   Number         0  stm32f4xx_gpio.o ABSOLUTE
    ..\libraries\STM32F4xx_StdPeriph_Driver\src\stm32f4xx_hash.c 0x00000000   Number         0  stm32f4xx_hash.o ABSOLUTE
    ..\libraries\STM32F4xx_StdPeriph_Driver\src\stm32f4xx_hash_md5.c 0x00000000   Number         0  stm32f4xx_hash_md5.o ABSOLUTE
    ..\libraries\STM32F4xx_StdPeriph_Driver\src\stm32f4xx_hash_sha1.c 0x00000000   Number         0  stm32f4xx_hash_sha1.o ABSOLUTE
    ..\libraries\STM32F4xx_StdPeriph_Driver\src\stm32f4xx_i2c.c 0x00000000   Number         0  stm32f4xx_i2c.o ABSOLUTE
    ..\libraries\STM32F4xx_StdPeriph_Driver\src\stm32f4xx_iwdg.c 0x00000000   Number         0  stm32f4xx_iwdg.o ABSOLUTE
    ..\libraries\STM32F4xx_StdPeriph_Driver\src\stm32f4xx_lptim.c 0x00000000   Number         0  stm32f4xx_lptim.o ABSOLUTE
    ..\libraries\STM32F4xx_StdPeriph_Driver\src\stm32f4xx_ltdc.c 0x00000000   Number         0  stm32f4xx_ltdc.o ABSOLUTE
    ..\libraries\STM32F4xx_StdPeriph_Driver\src\stm32f4xx_pwr.c 0x00000000   Number         0  stm32f4xx_pwr.o ABSOLUTE
    ..\libraries\STM32F4xx_StdPeriph_Driver\src\stm32f4xx_qspi.c 0x00000000   Number         0  stm32f4xx_qspi.o ABSOLUTE
    ..\libraries\STM32F4xx_StdPeriph_Driver\src\stm32f4xx_rcc.c 0x00000000   Number         0  stm32f4xx_rcc.o ABSOLUTE
    ..\libraries\STM32F4xx_StdPeriph_Driver\src\stm32f4xx_rng.c 0x00000000   Number         0  stm32f4xx_rng.o ABSOLUTE
    ..\libraries\STM32F4xx_StdPeriph_Driver\src\stm32f4xx_rtc.c 0x00000000   Number         0  stm32f4xx_rtc.o ABSOLUTE
    ..\libraries\STM32F4xx_StdPeriph_Driver\src\stm32f4xx_sai.c 0x00000000   Number         0  stm32f4xx_sai.o ABSOLUTE
    ..\libraries\STM32F4xx_StdPeriph_Driver\src\stm32f4xx_sdio.c 0x00000000   Number         0  stm32f4xx_sdio.o ABSOLUTE
    ..\libraries\STM32F4xx_StdPeriph_Driver\src\stm32f4xx_spdifrx.c 0x00000000   Number         0  stm32f4xx_spdifrx.o ABSOLUTE
    ..\libraries\STM32F4xx_StdPeriph_Driver\src\stm32f4xx_spi.c 0x00000000   Number         0  stm32f4xx_spi.o ABSOLUTE
    ..\libraries\STM32F4xx_StdPeriph_Driver\src\stm32f4xx_syscfg.c 0x00000000   Number         0  stm32f4xx_syscfg.o ABSOLUTE
    ..\libraries\STM32F4xx_StdPeriph_Driver\src\stm32f4xx_tim.c 0x00000000   Number         0  stm32f4xx_tim.o ABSOLUTE
    ..\libraries\STM32F4xx_StdPeriph_Driver\src\stm32f4xx_usart.c 0x00000000   Number         0  stm32f4xx_usart.o ABSOLUTE
    ..\libraries\STM32F4xx_StdPeriph_Driver\src\stm32f4xx_wwdg.c 0x00000000   Number         0  stm32f4xx_wwdg.o ABSOLUTE
    cdrcmple.s                               0x00000000   Number         0  cdrcmple.o ABSOLUTE
    dc.s                                     0x00000000   Number         0  dc.o ABSOLUTE
    handlers.s                               0x00000000   Number         0  handlers.o ABSOLUTE
    init.s                                   0x00000000   Number         0  init.o ABSOLUTE
    RESET                                    0x08000000   Section      392  startup_stm32f40_41xxx.o(RESET)
    .ARM.Collect$$$$00000000                 0x08000188   Section        0  entry.o(.ARM.Collect$$$$00000000)
    .ARM.Collect$$$$00000001                 0x08000188   Section        4  entry2.o(.ARM.Collect$$$$00000001)
    .ARM.Collect$$$$00000004                 0x0800018c   Section        4  entry5.o(.ARM.Collect$$$$00000004)
    .ARM.Collect$$$$00000008                 0x08000190   Section        0  entry7b.o(.ARM.Collect$$$$00000008)
    .ARM.Collect$$$$0000000A                 0x08000190   Section        0  entry8b.o(.ARM.Collect$$$$0000000A)
    .ARM.Collect$$$$0000000B                 0x08000190   Section        8  entry9a.o(.ARM.Collect$$$$0000000B)
    .ARM.Collect$$$$0000000E                 0x08000198   Section        4  entry12b.o(.ARM.Collect$$$$0000000E)
    .ARM.Collect$$$$0000000F                 0x0800019c   Section        0  entry10a.o(.ARM.Collect$$$$0000000F)
    .ARM.Collect$$$$00000011                 0x0800019c   Section        0  entry11a.o(.ARM.Collect$$$$00000011)
    .ARM.Collect$$$$00002712                 0x0800019c   Section        4  entry2.o(.ARM.Collect$$$$00002712)
    __lit__00000000                          0x0800019c   Data           4  entry2.o(.ARM.Collect$$$$00002712)
    .emb_text                                0x080001a0   Section      182  port.o(.emb_text)
    $v0                                      0x080001a0   Number         0  port.o(.emb_text)
    .text                                    0x08000258   Section       36  startup_stm32f40_41xxx.o(.text)
    $v0                                      0x08000258   Number         0  startup_stm32f40_41xxx.o(.text)
    .text                                    0x0800027c   Section        0  strcmp.o(.text)
    .text                                    0x08000298   Section        0  dadd.o(.text)
    .text                                    0x080003e6   Section        0  dmul.o(.text)
    .text                                    0x080004ca   Section        0  f2d.o(.text)
    .text                                    0x080004f0   Section        0  d2f.o(.text)
    .text                                    0x08000528   Section        0  uidiv.o(.text)
    .text                                    0x08000554   Section        0  uldiv.o(.text)
    .text                                    0x080005b6   Section        0  llshl.o(.text)
    .text                                    0x080005d4   Section        0  llsshr.o(.text)
    .text                                    0x080005f8   Section        0  fepilogue.o(.text)
    .text                                    0x080005f8   Section        0  iusefp.o(.text)
    .text                                    0x08000666   Section        0  depilogue.o(.text)
    .text                                    0x08000720   Section        0  ddiv.o(.text)
    .text                                    0x080007fe   Section        0  dfixul.o(.text)
    .text                                    0x08000830   Section       48  cdrcmple.o(.text)
    .text                                    0x08000860   Section       36  init.o(.text)
    .text                                    0x08000884   Section        0  llushr.o(.text)
    .text                                    0x080008a4   Section        0  __dclz77c.o(.text)
    i.BusFault_Handler                       0x08000902   Section        0  stm32f4xx_it.o(i.BusFault_Handler)
    i.DebugMon_Handler                       0x08000906   Section        0  stm32f4xx_it.o(i.DebugMon_Handler)
    i.EXTI9_5_IRQHandler                     0x08000908   Section        0  stm32f4xx_it.o(i.EXTI9_5_IRQHandler)
    i.EXTI_ClearITPendingBit                 0x08000968   Section        0  stm32f4xx_exti.o(i.EXTI_ClearITPendingBit)
    i.EXTI_GetITStatus                       0x08000974   Section        0  stm32f4xx_exti.o(i.EXTI_GetITStatus)
    i.GPIO_Init                              0x0800098c   Section        0  stm32f4xx_gpio.o(i.GPIO_Init)
    i.GPIO_PinAFConfig                       0x08000a1c   Section        0  stm32f4xx_gpio.o(i.GPIO_PinAFConfig)
    i.GPIO_ReadInputDataBit                  0x08000a62   Section        0  stm32f4xx_gpio.o(i.GPIO_ReadInputDataBit)
    i.GPIO_ResetBits                         0x08000a74   Section        0  stm32f4xx_gpio.o(i.GPIO_ResetBits)
    i.GPIO_SetBits                           0x08000a78   Section        0  stm32f4xx_gpio.o(i.GPIO_SetBits)
    i.GPIO_ToggleBits                        0x08000a7c   Section        0  stm32f4xx_gpio.o(i.GPIO_ToggleBits)
    i.HardFault_Handler                      0x08000a84   Section        0  stm32f4xx_it.o(i.HardFault_Handler)
    i.I2C_Start                              0x08000a88   Section        0  oled.o(i.I2C_Start)
    i.I2C_Stop                               0x08000ac4   Section        0  oled.o(i.I2C_Stop)
    i.I2C_WaitAck                            0x08000af0   Section        0  oled.o(i.I2C_WaitAck)
    i.IIC_delay                              0x08000b24   Section        0  oled.o(i.IIC_delay)
    i.MemManage_Handler                      0x08000b34   Section        0  stm32f4xx_it.o(i.MemManage_Handler)
    i.NMI_Handler                            0x08000b38   Section        0  stm32f4xx_it.o(i.NMI_Handler)
    i.NVIC_Init                              0x08000b3c   Section        0  misc.o(i.NVIC_Init)
    i.NVIC_PriorityGroupConfig               0x08000bb4   Section        0  misc.o(i.NVIC_PriorityGroupConfig)
    i.OLED_Clear                             0x08000bc8   Section        0  oled.o(i.OLED_Clear)
    i.OLED_DrawPoint                         0x08000bf8   Section        0  oled.o(i.OLED_DrawPoint)
    i.OLED_Init                              0x08000c70   Section        0  oled.o(i.OLED_Init)
    i.OLED_Refresh                           0x08000d88   Section        0  oled.o(i.OLED_Refresh)
    i.OLED_ShowChar                          0x08000df0   Section        0  oled.o(i.OLED_ShowChar)
    i.OLED_ShowPicture                       0x08000f2c   Section        0  oled.o(i.OLED_ShowPicture)
    i.OLED_ShowString                        0x08001002   Section        0  oled.o(i.OLED_ShowString)
    i.OLED_WR_Byte                           0x0800104c   Section        0  oled.o(i.OLED_WR_Byte)
    i.RCC_AHB1PeriphClockCmd                 0x08001084   Section        0  stm32f4xx_rcc.o(i.RCC_AHB1PeriphClockCmd)
    i.RCC_APB1PeriphClockCmd                 0x080010a4   Section        0  stm32f4xx_rcc.o(i.RCC_APB1PeriphClockCmd)
    i.RCC_APB2PeriphClockCmd                 0x080010c4   Section        0  stm32f4xx_rcc.o(i.RCC_APB2PeriphClockCmd)
    i.RCC_GetClocksFreq                      0x080010e4   Section        0  stm32f4xx_rcc.o(i.RCC_GetClocksFreq)
    i.Send_Byte                              0x080011cc   Section        0  oled.o(i.Send_Byte)
    i.SetSysClock                            0x08001220   Section        0  system_stm32f4xx.o(i.SetSysClock)
    SetSysClock                              0x08001221   Thumb Code   220  system_stm32f4xx.o(i.SetSysClock)
    i.SysTick_Handler                        0x0800130c   Section        0  port.o(i.SysTick_Handler)
    i.SystemInit                             0x08001340   Section        0  system_stm32f4xx.o(i.SystemInit)
    i.TIM_ClearFlag                          0x080013a8   Section        0  stm32f4xx_tim.o(i.TIM_ClearFlag)
    i.TIM_Cmd                                0x080013ae   Section        0  stm32f4xx_tim.o(i.TIM_Cmd)
    i.TIM_CtrlPWMOutputs                     0x080013c6   Section        0  stm32f4xx_tim.o(i.TIM_CtrlPWMOutputs)
    i.TIM_GetFlagStatus                      0x080013e4   Section        0  stm32f4xx_tim.o(i.TIM_GetFlagStatus)
    i.TIM_OC1Init                            0x080013f8   Section        0  stm32f4xx_tim.o(i.TIM_OC1Init)
    i.TIM_OC1PreloadConfig                   0x08001474   Section        0  stm32f4xx_tim.o(i.TIM_OC1PreloadConfig)
    i.TIM_OC2Init                            0x08001488   Section        0  stm32f4xx_tim.o(i.TIM_OC2Init)
    i.TIM_OC2PreloadConfig                   0x0800152c   Section        0  stm32f4xx_tim.o(i.TIM_OC2PreloadConfig)
    i.TIM_OC3Init                            0x08001548   Section        0  stm32f4xx_tim.o(i.TIM_OC3Init)
    i.TIM_OC3PreloadConfig                   0x080015e8   Section        0  stm32f4xx_tim.o(i.TIM_OC3PreloadConfig)
    i.TIM_OC4Init                            0x080015fc   Section        0  stm32f4xx_tim.o(i.TIM_OC4Init)
    i.TIM_OC4PreloadConfig                   0x08001674   Section        0  stm32f4xx_tim.o(i.TIM_OC4PreloadConfig)
    i.TIM_SetAutoreload                      0x0800168e   Section        0  stm32f4xx_tim.o(i.TIM_SetAutoreload)
    i.TIM_SetCompare1                        0x08001692   Section        0  stm32f4xx_tim.o(i.TIM_SetCompare1)
    i.TIM_SetCompare2                        0x08001696   Section        0  stm32f4xx_tim.o(i.TIM_SetCompare2)
    i.TIM_SetCompare3                        0x0800169a   Section        0  stm32f4xx_tim.o(i.TIM_SetCompare3)
    i.TIM_SetCompare4                        0x0800169e   Section        0  stm32f4xx_tim.o(i.TIM_SetCompare4)
    i.TIM_SetCounter                         0x080016a2   Section        0  stm32f4xx_tim.o(i.TIM_SetCounter)
    i.TIM_TimeBaseInit                       0x080016a8   Section        0  stm32f4xx_tim.o(i.TIM_TimeBaseInit)
    i.USART2_IRQHandler                      0x0800172c   Section        0  stm32f4xx_it.o(i.USART2_IRQHandler)
    i.USART3_IRQHandler                      0x080017fc   Section        0  stm32f4xx_it.o(i.USART3_IRQHandler)
    i.USART6_IRQHandler                      0x080018cc   Section        0  stm32f4xx_it.o(i.USART6_IRQHandler)
    i.USART_ClearFlag                        0x0800196c   Section        0  stm32f4xx_usart.o(i.USART_ClearFlag)
    i.USART_ClearITPendingBit                0x0800197e   Section        0  stm32f4xx_usart.o(i.USART_ClearITPendingBit)
    i.USART_Cmd                              0x0800199c   Section        0  stm32f4xx_usart.o(i.USART_Cmd)
    i.USART_GetFlagStatus                    0x080019b4   Section        0  stm32f4xx_usart.o(i.USART_GetFlagStatus)
    i.USART_GetITStatus                      0x080019ce   Section        0  stm32f4xx_usart.o(i.USART_GetITStatus)
    i.USART_ITConfig                         0x08001a22   Section        0  stm32f4xx_usart.o(i.USART_ITConfig)
    i.USART_Init                             0x08001a6c   Section        0  stm32f4xx_usart.o(i.USART_Init)
    i.USART_ReceiveData                      0x08001b38   Section        0  stm32f4xx_usart.o(i.USART_ReceiveData)
    i.USART_SendData                         0x08001b42   Section        0  stm32f4xx_usart.o(i.USART_SendData)
    i.UsageFault_Handler                     0x08001b4a   Section        0  stm32f4xx_it.o(i.UsageFault_Handler)
    i.__0printf                              0x08001b50   Section        0  printfa.o(i.__0printf)
    i.__0sprintf                             0x08001b70   Section        0  printfa.o(i.__0sprintf)
    i.__scatterload_copy                     0x08001b98   Section       14  handlers.o(i.__scatterload_copy)
    i.__scatterload_null                     0x08001ba6   Section        2  handlers.o(i.__scatterload_null)
    i.__scatterload_zeroinit                 0x08001ba8   Section       14  handlers.o(i.__scatterload_zeroinit)
    i._fp_digits                             0x08001bb8   Section        0  printfa.o(i._fp_digits)
    _fp_digits                               0x08001bb9   Thumb Code   366  printfa.o(i._fp_digits)
    i._printf_core                           0x08001d3c   Section        0  printfa.o(i._printf_core)
    _printf_core                             0x08001d3d   Thumb Code  1704  printfa.o(i._printf_core)
    i._printf_post_padding                   0x080023f0   Section        0  printfa.o(i._printf_post_padding)
    _printf_post_padding                     0x080023f1   Thumb Code    36  printfa.o(i._printf_post_padding)
    i._printf_pre_padding                    0x08002414   Section        0  printfa.o(i._printf_pre_padding)
    _printf_pre_padding                      0x08002415   Thumb Code    46  printfa.o(i._printf_pre_padding)
    i._sputc                                 0x08002442   Section        0  printfa.o(i._sputc)
    _sputc                                   0x08002443   Thumb Code    10  printfa.o(i._sputc)
    i.drv_systick_init                       0x0800244c   Section        0  drv_systick.o(i.drv_systick_init)
    i.fan_OFF                                0x0800247c   Section        0  drv_fan.o(i.fan_OFF)
    i.fan_ON                                 0x0800248c   Section        0  drv_fan.o(i.fan_ON)
    i.fan_init                               0x0800249c   Section        0  drv_fan.o(i.fan_init)
    i.fputc                                  0x080024d0   Section        0  drv_usart.o(i.fputc)
    i.iic_in                                 0x080024fc   Section        0  drv_iic.o(i.iic_in)
    i.iic_init                               0x0800251c   Section        0  drv_iic.o(i.iic_init)
    i.iic_out                                0x08002550   Section        0  drv_iic.o(i.iic_out)
    i.iic_readdata                           0x0800257c   Section        0  drv_iic.o(i.iic_readdata)
    i.iic_sendACK                            0x080025e8   Section        0  drv_iic.o(i.iic_sendACK)
    i.iic_sendNOACK                          0x0800261c   Section        0  drv_iic.o(i.iic_sendNOACK)
    i.iic_senddata                           0x08002650   Section        0  drv_iic.o(i.iic_senddata)
    i.iic_start                              0x080026ac   Section        0  drv_iic.o(i.iic_start)
    i.iic_stop                               0x080026ec   Section        0  drv_iic.o(i.iic_stop)
    i.iic_waitACK                            0x08002724   Section        0  drv_iic.o(i.iic_waitACK)
    i.led_OFF                                0x0800276c   Section        0  drv_led.o(i.led_OFF)
    i.led_ON                                 0x08002780   Section        0  drv_led.o(i.led_ON)
    i.led_init                               0x08002794   Section        0  drv_led.o(i.led_init)
    i.main                                   0x080027f0   Section        0  main.o(i.main)
    i.process_command                        0x080029bc   Section        0  stm32f4xx_it.o(i.process_command)
    process_command                          0x080029bd   Thumb Code   308  stm32f4xx_it.o(i.process_command)
    i.prvResetNextTaskUnblockTime            0x08002ba0   Section        0  tasks.o(i.prvResetNextTaskUnblockTime)
    prvResetNextTaskUnblockTime              0x08002ba1   Thumb Code    42  tasks.o(i.prvResetNextTaskUnblockTime)
    i.robot_dance                            0x08002bd4   Section        0  drv_sg90.o(i.robot_dance)
    i.robot_greet                            0x08002d78   Section        0  drv_sg90.o(i.robot_greet)
    i.robot_sitdown                          0x08002e84   Section        0  drv_sg90.o(i.robot_sitdown)
    i.robot_standup                          0x08002f34   Section        0  drv_sg90.o(i.robot_standup)
    i.robot_turn_left                        0x08002f5e   Section        0  drv_sg90.o(i.robot_turn_left)
    i.robot_turn_right                       0x08002fe4   Section        0  drv_sg90.o(i.robot_turn_right)
    i.robot_walk_continuous                  0x0800306c   Section        0  drv_sg90.o(i.robot_walk_continuous)
    i.sg90_init                              0x08003178   Section        0  drv_sg90.o(i.sg90_init)
    i.sg90_set_angle                         0x0800319c   Section        0  drv_sg90.o(i.sg90_set_angle)
    i.sht20_getRHdata                        0x08003220   Section        0  drv_sht20.o(i.sht20_getRHdata)
    i.sht20_getTdata                         0x080032b4   Section        0  drv_sht20.o(i.sht20_getTdata)
    i.sht20_init                             0x0800334c   Section        0  drv_sht20.o(i.sht20_init)
    i.sht20_read_RH                          0x08003354   Section        0  drv_sht20.o(i.sht20_read_RH)
    i.sht20_read_T                           0x080033c6   Section        0  drv_sht20.o(i.sht20_read_T)
    i.tim3_init                              0x08003438   Section        0  drv_time.o(i.tim3_init)
    i.tim4_delay_init                        0x08003540   Section        0  drv_time.o(i.tim4_delay_init)
    i.tim4_delay_ms                          0x0800356c   Section        0  drv_time.o(i.tim4_delay_ms)
    i.tim4_delay_us                          0x080035d8   Section        0  drv_time.o(i.tim4_delay_us)
    i.update_oled_display                    0x08003614   Section        0  main.o(i.update_oled_display)
    i.usart3_init                            0x08003858   Section        0  drv_usart.o(i.usart3_init)
    i.usart_2_6_Init                         0x0800391c   Section        0  drv_usart.o(i.usart_2_6_Init)
    i.uxListRemove                           0x08003a60   Section        0  list.o(i.uxListRemove)
    i.vListInsertEnd                         0x08003a88   Section        0  list.o(i.vListInsertEnd)
    i.vTaskSwitchContext                     0x08003aa0   Section        0  tasks.o(i.vTaskSwitchContext)
    i.xTaskIncrementTick                     0x08003b2c   Section        0  tasks.o(i.xTaskIncrementTick)
    .constdata                               0x08003c74   Section     7696  oled.o(.constdata)
    .data                                    0x20000000   Section    15771  main.o(.data)
    .data                                    0x20003d9c   Section       31  stm32f4xx_it.o(.data)
    .data                                    0x20003dbc   Section        8  drv_systick.o(.data)
    fs_us                                    0x20003dbc   Data           4  drv_systick.o(.data)
    fs_ms                                    0x20003dc0   Data           4  drv_systick.o(.data)
    .data                                    0x20003dc4   Section        6  drv_sg90.o(.data)
    phase                                    0x20003dc7   Data           1  drv_sg90.o(.data)
    phase                                    0x20003dc8   Data           1  drv_sg90.o(.data)
    phase                                    0x20003dc9   Data           1  drv_sg90.o(.data)
    .data                                    0x20003dca   Section       16  stm32f4xx_rcc.o(.data)
    APBAHBPrescTable                         0x20003dca   Data          16  stm32f4xx_rcc.o(.data)
    .data                                    0x20003ddc   Section       60  tasks.o(.data)
    pxDelayedTaskList                        0x20003de0   Data           4  tasks.o(.data)
    pxOverflowDelayedTaskList                0x20003de4   Data           4  tasks.o(.data)
    uxDeletedTasksWaitingCleanUp             0x20003de8   Data           4  tasks.o(.data)
    uxCurrentNumberOfTasks                   0x20003dec   Data           4  tasks.o(.data)
    xTickCount                               0x20003df0   Data           4  tasks.o(.data)
    uxTopReadyPriority                       0x20003df4   Data           4  tasks.o(.data)
    xSchedulerRunning                        0x20003df8   Data           4  tasks.o(.data)
    uxPendedTicks                            0x20003dfc   Data           4  tasks.o(.data)
    xYieldPending                            0x20003e00   Data           4  tasks.o(.data)
    xNumOfOverflows                          0x20003e04   Data           4  tasks.o(.data)
    uxTaskNumber                             0x20003e08   Data           4  tasks.o(.data)
    xNextTaskUnblockTime                     0x20003e0c   Data           4  tasks.o(.data)
    xIdleTaskHandle                          0x20003e10   Data           4  tasks.o(.data)
    uxSchedulerSuspended                     0x20003e14   Data           4  tasks.o(.data)
    .data                                    0x20003e18   Section        4  stdout.o(.data)
    .bss                                     0x20003e1c   Section      120  stm32f4xx_it.o(.bss)
    .bss                                     0x20003e94   Section       12  drv_sht20.o(.bss)
    .bss                                     0x20003ea0   Section     1152  oled.o(.bss)
    .bss                                     0x20004320   Section      200  tasks.o(.bss)
    pxReadyTasksLists                        0x20004320   Data         100  tasks.o(.bss)
    xDelayedTaskList1                        0x20004384   Data          20  tasks.o(.bss)
    xDelayedTaskList2                        0x20004398   Data          20  tasks.o(.bss)
    xPendingReadyList                        0x200043ac   Data          20  tasks.o(.bss)
    xTasksWaitingTermination                 0x200043c0   Data          20  tasks.o(.bss)
    xSuspendedTaskList                       0x200043d4   Data          20  tasks.o(.bss)
    STACK                                    0x200043e8   Section     1024  startup_stm32f40_41xxx.o(STACK)

    Global Symbols

    Symbol Name                              Value     Ov Type        Size  Object(Section)

    BuildAttributes$$THM_ISAv4$E$P$D$K$B$S$7EM$VFPi3$EXTD16$VFPS$VFMA$PE$A:L22UL41UL21$X:L11$S22US41US21$IEEE1$IW$USESV6$~STKCKD$USESV7$~SHL$OTIME$ROPI$EBA8$MICROLIB$REQ8$PRES8$EABIv2 0x00000000   Number         0  anon$$obj.o ABSOLUTE
    __ARM_use_no_argv                        0x00000000   Number         0  main.o ABSOLUTE
    _printf_a                                0x00000000   Number         0  stubs.o ABSOLUTE
    _printf_c                                0x00000000   Number         0  stubs.o ABSOLUTE
    _printf_charcount                        0x00000000   Number         0  stubs.o ABSOLUTE
    _printf_d                                0x00000000   Number         0  stubs.o ABSOLUTE
    _printf_e                                0x00000000   Number         0  stubs.o ABSOLUTE
    _printf_f                                0x00000000   Number         0  stubs.o ABSOLUTE
    _printf_flags                            0x00000000   Number         0  stubs.o ABSOLUTE
    _printf_fp_dec                           0x00000000   Number         0  stubs.o ABSOLUTE
    _printf_fp_hex                           0x00000000   Number         0  stubs.o ABSOLUTE
    _printf_g                                0x00000000   Number         0  stubs.o ABSOLUTE
    _printf_i                                0x00000000   Number         0  stubs.o ABSOLUTE
    _printf_int_dec                          0x00000000   Number         0  stubs.o ABSOLUTE
    _printf_l                                0x00000000   Number         0  stubs.o ABSOLUTE
    _printf_lc                               0x00000000   Number         0  stubs.o ABSOLUTE
    _printf_ll                               0x00000000   Number         0  stubs.o ABSOLUTE
    _printf_lld                              0x00000000   Number         0  stubs.o ABSOLUTE
    _printf_lli                              0x00000000   Number         0  stubs.o ABSOLUTE
    _printf_llo                              0x00000000   Number         0  stubs.o ABSOLUTE
    _printf_llu                              0x00000000   Number         0  stubs.o ABSOLUTE
    _printf_llx                              0x00000000   Number         0  stubs.o ABSOLUTE
    _printf_longlong_dec                     0x00000000   Number         0  stubs.o ABSOLUTE
    _printf_longlong_hex                     0x00000000   Number         0  stubs.o ABSOLUTE
    _printf_longlong_oct                     0x00000000   Number         0  stubs.o ABSOLUTE
    _printf_ls                               0x00000000   Number         0  stubs.o ABSOLUTE
    _printf_mbtowc                           0x00000000   Number         0  stubs.o ABSOLUTE
    _printf_n                                0x00000000   Number         0  stubs.o ABSOLUTE
    _printf_o                                0x00000000   Number         0  stubs.o ABSOLUTE
    _printf_p                                0x00000000   Number         0  stubs.o ABSOLUTE
    _printf_percent                          0x00000000   Number         0  stubs.o ABSOLUTE
    _printf_pre_padding                      0x00000000   Number         0  stubs.o ABSOLUTE
    _printf_return_value                     0x00000000   Number         0  stubs.o ABSOLUTE
    _printf_s                                0x00000000   Number         0  stubs.o ABSOLUTE
    _printf_sizespec                         0x00000000   Number         0  stubs.o ABSOLUTE
    _printf_str                              0x00000000   Number         0  stubs.o ABSOLUTE
    _printf_truncate_signed                  0x00000000   Number         0  stubs.o ABSOLUTE
    _printf_truncate_unsigned                0x00000000   Number         0  stubs.o ABSOLUTE
    _printf_u                                0x00000000   Number         0  stubs.o ABSOLUTE
    _printf_wc                               0x00000000   Number         0  stubs.o ABSOLUTE
    _printf_wctomb                           0x00000000   Number         0  stubs.o ABSOLUTE
    _printf_widthprec                        0x00000000   Number         0  stubs.o ABSOLUTE
    _printf_x                                0x00000000   Number         0  stubs.o ABSOLUTE
    __arm_fini_                               - Undefined Weak Reference
    __cpp_initialize__aeabi_                  - Undefined Weak Reference
    __cxa_finalize                            - Undefined Weak Reference
    _clock_init                               - Undefined Weak Reference
    _microlib_exit                            - Undefined Weak Reference
    __Vectors_Size                           0x00000188   Number         0  startup_stm32f40_41xxx.o ABSOLUTE
    __Vectors                                0x08000000   Data           4  startup_stm32f40_41xxx.o(RESET)
    __Vectors_End                            0x08000188   Data           0  startup_stm32f40_41xxx.o(RESET)
    __main                                   0x08000189   Thumb Code     0  entry.o(.ARM.Collect$$$$00000000)
    _main_stk                                0x08000189   Thumb Code     0  entry2.o(.ARM.Collect$$$$00000001)
    _main_scatterload                        0x0800018d   Thumb Code     0  entry5.o(.ARM.Collect$$$$00000004)
    __main_after_scatterload                 0x08000191   Thumb Code     0  entry5.o(.ARM.Collect$$$$00000004)
    _main_clock                              0x08000191   Thumb Code     0  entry7b.o(.ARM.Collect$$$$00000008)
    _main_cpp_init                           0x08000191   Thumb Code     0  entry8b.o(.ARM.Collect$$$$0000000A)
    _main_init                               0x08000191   Thumb Code     0  entry9a.o(.ARM.Collect$$$$0000000B)
    __rt_lib_shutdown_fini                   0x08000199   Thumb Code     0  entry12b.o(.ARM.Collect$$$$0000000E)
    __rt_final_cpp                           0x0800019d   Thumb Code     0  entry10a.o(.ARM.Collect$$$$0000000F)
    __rt_final_exit                          0x0800019d   Thumb Code     0  entry11a.o(.ARM.Collect$$$$00000011)
    SVC_Handler                              0x080001a1   Thumb Code    28  port.o(.emb_text)
    __asm___6_port_c_39a90d8d__prvStartFirstTask 0x080001c1   Thumb Code    28  port.o(.emb_text)
    __asm___6_port_c_39a90d8d__prvEnableVFP  0x080001e1   Thumb Code    16  port.o(.emb_text)
    PendSV_Handler                           0x080001f5   Thumb Code    88  port.o(.emb_text)
    vPortGetIPSR                             0x08000251   Thumb Code     6  port.o(.emb_text)
    Reset_Handler                            0x08000259   Thumb Code     8  startup_stm32f40_41xxx.o(.text)
    ADC_IRQHandler                           0x08000273   Thumb Code     0  startup_stm32f40_41xxx.o(.text)
    CAN1_RX0_IRQHandler                      0x08000273   Thumb Code     0  startup_stm32f40_41xxx.o(.text)
    CAN1_RX1_IRQHandler                      0x08000273   Thumb Code     0  startup_stm32f40_41xxx.o(.text)
    CAN1_SCE_IRQHandler                      0x08000273   Thumb Code     0  startup_stm32f40_41xxx.o(.text)
    CAN1_TX_IRQHandler                       0x08000273   Thumb Code     0  startup_stm32f40_41xxx.o(.text)
    CAN2_RX0_IRQHandler                      0x08000273   Thumb Code     0  startup_stm32f40_41xxx.o(.text)
    CAN2_RX1_IRQHandler                      0x08000273   Thumb Code     0  startup_stm32f40_41xxx.o(.text)
    CAN2_SCE_IRQHandler                      0x08000273   Thumb Code     0  startup_stm32f40_41xxx.o(.text)
    CAN2_TX_IRQHandler                       0x08000273   Thumb Code     0  startup_stm32f40_41xxx.o(.text)
    CRYP_IRQHandler                          0x08000273   Thumb Code     0  startup_stm32f40_41xxx.o(.text)
    DCMI_IRQHandler                          0x08000273   Thumb Code     0  startup_stm32f40_41xxx.o(.text)
    DMA1_Stream0_IRQHandler                  0x08000273   Thumb Code     0  startup_stm32f40_41xxx.o(.text)
    DMA1_Stream1_IRQHandler                  0x08000273   Thumb Code     0  startup_stm32f40_41xxx.o(.text)
    DMA1_Stream2_IRQHandler                  0x08000273   Thumb Code     0  startup_stm32f40_41xxx.o(.text)
    DMA1_Stream3_IRQHandler                  0x08000273   Thumb Code     0  startup_stm32f40_41xxx.o(.text)
    DMA1_Stream4_IRQHandler                  0x08000273   Thumb Code     0  startup_stm32f40_41xxx.o(.text)
    DMA1_Stream5_IRQHandler                  0x08000273   Thumb Code     0  startup_stm32f40_41xxx.o(.text)
    DMA1_Stream6_IRQHandler                  0x08000273   Thumb Code     0  startup_stm32f40_41xxx.o(.text)
    DMA1_Stream7_IRQHandler                  0x08000273   Thumb Code     0  startup_stm32f40_41xxx.o(.text)
    DMA2_Stream0_IRQHandler                  0x08000273   Thumb Code     0  startup_stm32f40_41xxx.o(.text)
    DMA2_Stream1_IRQHandler                  0x08000273   Thumb Code     0  startup_stm32f40_41xxx.o(.text)
    DMA2_Stream2_IRQHandler                  0x08000273   Thumb Code     0  startup_stm32f40_41xxx.o(.text)
    DMA2_Stream3_IRQHandler                  0x08000273   Thumb Code     0  startup_stm32f40_41xxx.o(.text)
    DMA2_Stream4_IRQHandler                  0x08000273   Thumb Code     0  startup_stm32f40_41xxx.o(.text)
    DMA2_Stream5_IRQHandler                  0x08000273   Thumb Code     0  startup_stm32f40_41xxx.o(.text)
    DMA2_Stream6_IRQHandler                  0x08000273   Thumb Code     0  startup_stm32f40_41xxx.o(.text)
    DMA2_Stream7_IRQHandler                  0x08000273   Thumb Code     0  startup_stm32f40_41xxx.o(.text)
    ETH_IRQHandler                           0x08000273   Thumb Code     0  startup_stm32f40_41xxx.o(.text)
    ETH_WKUP_IRQHandler                      0x08000273   Thumb Code     0  startup_stm32f40_41xxx.o(.text)
    EXTI0_IRQHandler                         0x08000273   Thumb Code     0  startup_stm32f40_41xxx.o(.text)
    EXTI15_10_IRQHandler                     0x08000273   Thumb Code     0  startup_stm32f40_41xxx.o(.text)
    EXTI1_IRQHandler                         0x08000273   Thumb Code     0  startup_stm32f40_41xxx.o(.text)
    EXTI2_IRQHandler                         0x08000273   Thumb Code     0  startup_stm32f40_41xxx.o(.text)
    EXTI3_IRQHandler                         0x08000273   Thumb Code     0  startup_stm32f40_41xxx.o(.text)
    EXTI4_IRQHandler                         0x08000273   Thumb Code     0  startup_stm32f40_41xxx.o(.text)
    FLASH_IRQHandler                         0x08000273   Thumb Code     0  startup_stm32f40_41xxx.o(.text)
    FPU_IRQHandler                           0x08000273   Thumb Code     0  startup_stm32f40_41xxx.o(.text)
    FSMC_IRQHandler                          0x08000273   Thumb Code     0  startup_stm32f40_41xxx.o(.text)
    HASH_RNG_IRQHandler                      0x08000273   Thumb Code     0  startup_stm32f40_41xxx.o(.text)
    I2C1_ER_IRQHandler                       0x08000273   Thumb Code     0  startup_stm32f40_41xxx.o(.text)
    I2C1_EV_IRQHandler                       0x08000273   Thumb Code     0  startup_stm32f40_41xxx.o(.text)
    I2C2_ER_IRQHandler                       0x08000273   Thumb Code     0  startup_stm32f40_41xxx.o(.text)
    I2C2_EV_IRQHandler                       0x08000273   Thumb Code     0  startup_stm32f40_41xxx.o(.text)
    I2C3_ER_IRQHandler                       0x08000273   Thumb Code     0  startup_stm32f40_41xxx.o(.text)
    I2C3_EV_IRQHandler                       0x08000273   Thumb Code     0  startup_stm32f40_41xxx.o(.text)
    OTG_FS_IRQHandler                        0x08000273   Thumb Code     0  startup_stm32f40_41xxx.o(.text)
    OTG_FS_WKUP_IRQHandler                   0x08000273   Thumb Code     0  startup_stm32f40_41xxx.o(.text)
    OTG_HS_EP1_IN_IRQHandler                 0x08000273   Thumb Code     0  startup_stm32f40_41xxx.o(.text)
    OTG_HS_EP1_OUT_IRQHandler                0x08000273   Thumb Code     0  startup_stm32f40_41xxx.o(.text)
    OTG_HS_IRQHandler                        0x08000273   Thumb Code     0  startup_stm32f40_41xxx.o(.text)
    OTG_HS_WKUP_IRQHandler                   0x08000273   Thumb Code     0  startup_stm32f40_41xxx.o(.text)
    PVD_IRQHandler                           0x08000273   Thumb Code     0  startup_stm32f40_41xxx.o(.text)
    RCC_IRQHandler                           0x08000273   Thumb Code     0  startup_stm32f40_41xxx.o(.text)
    RTC_Alarm_IRQHandler                     0x08000273   Thumb Code     0  startup_stm32f40_41xxx.o(.text)
    RTC_WKUP_IRQHandler                      0x08000273   Thumb Code     0  startup_stm32f40_41xxx.o(.text)
    SDIO_IRQHandler                          0x08000273   Thumb Code     0  startup_stm32f40_41xxx.o(.text)
    SPI1_IRQHandler                          0x08000273   Thumb Code     0  startup_stm32f40_41xxx.o(.text)
    SPI2_IRQHandler                          0x08000273   Thumb Code     0  startup_stm32f40_41xxx.o(.text)
    SPI3_IRQHandler                          0x08000273   Thumb Code     0  startup_stm32f40_41xxx.o(.text)
    TAMP_STAMP_IRQHandler                    0x08000273   Thumb Code     0  startup_stm32f40_41xxx.o(.text)
    TIM1_BRK_TIM9_IRQHandler                 0x08000273   Thumb Code     0  startup_stm32f40_41xxx.o(.text)
    TIM1_CC_IRQHandler                       0x08000273   Thumb Code     0  startup_stm32f40_41xxx.o(.text)
    TIM1_TRG_COM_TIM11_IRQHandler            0x08000273   Thumb Code     0  startup_stm32f40_41xxx.o(.text)
    TIM1_UP_TIM10_IRQHandler                 0x08000273   Thumb Code     0  startup_stm32f40_41xxx.o(.text)
    TIM2_IRQHandler                          0x08000273   Thumb Code     0  startup_stm32f40_41xxx.o(.text)
    TIM3_IRQHandler                          0x08000273   Thumb Code     0  startup_stm32f40_41xxx.o(.text)
    TIM4_IRQHandler                          0x08000273   Thumb Code     0  startup_stm32f40_41xxx.o(.text)
    TIM5_IRQHandler                          0x08000273   Thumb Code     0  startup_stm32f40_41xxx.o(.text)
    TIM6_DAC_IRQHandler                      0x08000273   Thumb Code     0  startup_stm32f40_41xxx.o(.text)
    TIM7_IRQHandler                          0x08000273   Thumb Code     0  startup_stm32f40_41xxx.o(.text)
    TIM8_BRK_TIM12_IRQHandler                0x08000273   Thumb Code     0  startup_stm32f40_41xxx.o(.text)
    TIM8_CC_IRQHandler                       0x08000273   Thumb Code     0  startup_stm32f40_41xxx.o(.text)
    TIM8_TRG_COM_TIM14_IRQHandler            0x08000273   Thumb Code     0  startup_stm32f40_41xxx.o(.text)
    TIM8_UP_TIM13_IRQHandler                 0x08000273   Thumb Code     0  startup_stm32f40_41xxx.o(.text)
    UART4_IRQHandler                         0x08000273   Thumb Code     0  startup_stm32f40_41xxx.o(.text)
    UART5_IRQHandler                         0x08000273   Thumb Code     0  startup_stm32f40_41xxx.o(.text)
    USART1_IRQHandler                        0x08000273   Thumb Code     0  startup_stm32f40_41xxx.o(.text)
    WWDG_IRQHandler                          0x08000273   Thumb Code     0  startup_stm32f40_41xxx.o(.text)
    strcmp                                   0x0800027d   Thumb Code    28  strcmp.o(.text)
    __aeabi_dadd                             0x08000299   Thumb Code   322  dadd.o(.text)
    __aeabi_dsub                             0x080003db   Thumb Code     6  dadd.o(.text)
    __aeabi_drsub                            0x080003e1   Thumb Code     6  dadd.o(.text)
    __aeabi_dmul                             0x080003e7   Thumb Code   228  dmul.o(.text)
    __aeabi_f2d                              0x080004cb   Thumb Code    38  f2d.o(.text)
    __aeabi_d2f                              0x080004f1   Thumb Code    56  d2f.o(.text)
    __aeabi_uidiv                            0x08000529   Thumb Code     0  uidiv.o(.text)
    __aeabi_uidivmod                         0x08000529   Thumb Code    44  uidiv.o(.text)
    __aeabi_uldivmod                         0x08000555   Thumb Code    98  uldiv.o(.text)
    __aeabi_llsl                             0x080005b7   Thumb Code    30  llshl.o(.text)
    _ll_shift_l                              0x080005b7   Thumb Code     0  llshl.o(.text)
    __aeabi_lasr                             0x080005d5   Thumb Code    36  llsshr.o(.text)
    _ll_sshift_r                             0x080005d5   Thumb Code     0  llsshr.o(.text)
    __I$use$fp                               0x080005f9   Thumb Code     0  iusefp.o(.text)
    _float_round                             0x080005f9   Thumb Code    18  fepilogue.o(.text)
    _float_epilogue                          0x0800060b   Thumb Code    92  fepilogue.o(.text)
    _double_round                            0x08000667   Thumb Code    30  depilogue.o(.text)
    _double_epilogue                         0x08000685   Thumb Code   156  depilogue.o(.text)
    __aeabi_ddiv                             0x08000721   Thumb Code   222  ddiv.o(.text)
    __aeabi_d2ulz                            0x080007ff   Thumb Code    48  dfixul.o(.text)
    __aeabi_cdrcmple                         0x08000831   Thumb Code    48  cdrcmple.o(.text)
    __scatterload                            0x08000861   Thumb Code    28  init.o(.text)
    __scatterload_rt2                        0x08000861   Thumb Code     0  init.o(.text)
    __aeabi_llsr                             0x08000885   Thumb Code    32  llushr.o(.text)
    _ll_ushift_r                             0x08000885   Thumb Code     0  llushr.o(.text)
    __decompress                             0x080008a5   Thumb Code     0  __dclz77c.o(.text)
    __decompress2                            0x080008a5   Thumb Code    94  __dclz77c.o(.text)
    BusFault_Handler                         0x08000903   Thumb Code     4  stm32f4xx_it.o(i.BusFault_Handler)
    DebugMon_Handler                         0x08000907   Thumb Code     2  stm32f4xx_it.o(i.DebugMon_Handler)
    EXTI9_5_IRQHandler                       0x08000909   Thumb Code    86  stm32f4xx_it.o(i.EXTI9_5_IRQHandler)
    EXTI_ClearITPendingBit                   0x08000969   Thumb Code     6  stm32f4xx_exti.o(i.EXTI_ClearITPendingBit)
    EXTI_GetITStatus                         0x08000975   Thumb Code    20  stm32f4xx_exti.o(i.EXTI_GetITStatus)
    GPIO_Init                                0x0800098d   Thumb Code   144  stm32f4xx_gpio.o(i.GPIO_Init)
    GPIO_PinAFConfig                         0x08000a1d   Thumb Code    70  stm32f4xx_gpio.o(i.GPIO_PinAFConfig)
    GPIO_ReadInputDataBit                    0x08000a63   Thumb Code    18  stm32f4xx_gpio.o(i.GPIO_ReadInputDataBit)
    GPIO_ResetBits                           0x08000a75   Thumb Code     4  stm32f4xx_gpio.o(i.GPIO_ResetBits)
    GPIO_SetBits                             0x08000a79   Thumb Code     4  stm32f4xx_gpio.o(i.GPIO_SetBits)
    GPIO_ToggleBits                          0x08000a7d   Thumb Code     8  stm32f4xx_gpio.o(i.GPIO_ToggleBits)
    HardFault_Handler                        0x08000a85   Thumb Code     4  stm32f4xx_it.o(i.HardFault_Handler)
    I2C_Start                                0x08000a89   Thumb Code    56  oled.o(i.I2C_Start)
    I2C_Stop                                 0x08000ac5   Thumb Code    38  oled.o(i.I2C_Stop)
    I2C_WaitAck                              0x08000af1   Thumb Code    46  oled.o(i.I2C_WaitAck)
    IIC_delay                                0x08000b25   Thumb Code    16  oled.o(i.IIC_delay)
    MemManage_Handler                        0x08000b35   Thumb Code     4  stm32f4xx_it.o(i.MemManage_Handler)
    NMI_Handler                              0x08000b39   Thumb Code     2  stm32f4xx_it.o(i.NMI_Handler)
    NVIC_Init                                0x08000b3d   Thumb Code   106  misc.o(i.NVIC_Init)
    NVIC_PriorityGroupConfig                 0x08000bb5   Thumb Code    10  misc.o(i.NVIC_PriorityGroupConfig)
    OLED_Clear                               0x08000bc9   Thumb Code    42  oled.o(i.OLED_Clear)
    OLED_DrawPoint                           0x08000bf9   Thumb Code   114  oled.o(i.OLED_DrawPoint)
    OLED_Init                                0x08000c71   Thumb Code   276  oled.o(i.OLED_Init)
    OLED_Refresh                             0x08000d89   Thumb Code   100  oled.o(i.OLED_Refresh)
    OLED_ShowChar                            0x08000df1   Thumb Code   300  oled.o(i.OLED_ShowChar)
    OLED_ShowPicture                         0x08000f2d   Thumb Code   214  oled.o(i.OLED_ShowPicture)
    OLED_ShowString                          0x08001003   Thumb Code    74  oled.o(i.OLED_ShowString)
    OLED_WR_Byte                             0x0800104d   Thumb Code    56  oled.o(i.OLED_WR_Byte)
    RCC_AHB1PeriphClockCmd                   0x08001085   Thumb Code    26  stm32f4xx_rcc.o(i.RCC_AHB1PeriphClockCmd)
    RCC_APB1PeriphClockCmd                   0x080010a5   Thumb Code    26  stm32f4xx_rcc.o(i.RCC_APB1PeriphClockCmd)
    RCC_APB2PeriphClockCmd                   0x080010c5   Thumb Code    26  stm32f4xx_rcc.o(i.RCC_APB2PeriphClockCmd)
    RCC_GetClocksFreq                        0x080010e5   Thumb Code   214  stm32f4xx_rcc.o(i.RCC_GetClocksFreq)
    Send_Byte                                0x080011cd   Thumb Code    78  oled.o(i.Send_Byte)
    SysTick_Handler                          0x0800130d   Thumb Code    46  port.o(i.SysTick_Handler)
    SystemInit                               0x08001341   Thumb Code    88  system_stm32f4xx.o(i.SystemInit)
    TIM_ClearFlag                            0x080013a9   Thumb Code     6  stm32f4xx_tim.o(i.TIM_ClearFlag)
    TIM_Cmd                                  0x080013af   Thumb Code    24  stm32f4xx_tim.o(i.TIM_Cmd)
    TIM_CtrlPWMOutputs                       0x080013c7   Thumb Code    30  stm32f4xx_tim.o(i.TIM_CtrlPWMOutputs)
    TIM_GetFlagStatus                        0x080013e5   Thumb Code    18  stm32f4xx_tim.o(i.TIM_GetFlagStatus)
    TIM_OC1Init                              0x080013f9   Thumb Code   114  stm32f4xx_tim.o(i.TIM_OC1Init)
    TIM_OC1PreloadConfig                     0x08001475   Thumb Code    18  stm32f4xx_tim.o(i.TIM_OC1PreloadConfig)
    TIM_OC2Init                              0x08001489   Thumb Code   154  stm32f4xx_tim.o(i.TIM_OC2Init)
    TIM_OC2PreloadConfig                     0x0800152d   Thumb Code    26  stm32f4xx_tim.o(i.TIM_OC2PreloadConfig)
    TIM_OC3Init                              0x08001549   Thumb Code   150  stm32f4xx_tim.o(i.TIM_OC3Init)
    TIM_OC3PreloadConfig                     0x080015e9   Thumb Code    18  stm32f4xx_tim.o(i.TIM_OC3PreloadConfig)
    TIM_OC4Init                              0x080015fd   Thumb Code   112  stm32f4xx_tim.o(i.TIM_OC4Init)
    TIM_OC4PreloadConfig                     0x08001675   Thumb Code    26  stm32f4xx_tim.o(i.TIM_OC4PreloadConfig)
    TIM_SetAutoreload                        0x0800168f   Thumb Code     4  stm32f4xx_tim.o(i.TIM_SetAutoreload)
    TIM_SetCompare1                          0x08001693   Thumb Code     4  stm32f4xx_tim.o(i.TIM_SetCompare1)
    TIM_SetCompare2                          0x08001697   Thumb Code     4  stm32f4xx_tim.o(i.TIM_SetCompare2)
    TIM_SetCompare3                          0x0800169b   Thumb Code     4  stm32f4xx_tim.o(i.TIM_SetCompare3)
    TIM_SetCompare4                          0x0800169f   Thumb Code     4  stm32f4xx_tim.o(i.TIM_SetCompare4)
    TIM_SetCounter                           0x080016a3   Thumb Code     4  stm32f4xx_tim.o(i.TIM_SetCounter)
    TIM_TimeBaseInit                         0x080016a9   Thumb Code   104  stm32f4xx_tim.o(i.TIM_TimeBaseInit)
    USART2_IRQHandler                        0x0800172d   Thumb Code   190  stm32f4xx_it.o(i.USART2_IRQHandler)
    USART3_IRQHandler                        0x080017fd   Thumb Code   190  stm32f4xx_it.o(i.USART3_IRQHandler)
    USART6_IRQHandler                        0x080018cd   Thumb Code   148  stm32f4xx_it.o(i.USART6_IRQHandler)
    USART_ClearFlag                          0x0800196d   Thumb Code    18  stm32f4xx_usart.o(i.USART_ClearFlag)
    USART_ClearITPendingBit                  0x0800197f   Thumb Code    30  stm32f4xx_usart.o(i.USART_ClearITPendingBit)
    USART_Cmd                                0x0800199d   Thumb Code    24  stm32f4xx_usart.o(i.USART_Cmd)
    USART_GetFlagStatus                      0x080019b5   Thumb Code    26  stm32f4xx_usart.o(i.USART_GetFlagStatus)
    USART_GetITStatus                        0x080019cf   Thumb Code    84  stm32f4xx_usart.o(i.USART_GetITStatus)
    USART_ITConfig                           0x08001a23   Thumb Code    74  stm32f4xx_usart.o(i.USART_ITConfig)
    USART_Init                               0x08001a6d   Thumb Code   196  stm32f4xx_usart.o(i.USART_Init)
    USART_ReceiveData                        0x08001b39   Thumb Code    10  stm32f4xx_usart.o(i.USART_ReceiveData)
    USART_SendData                           0x08001b43   Thumb Code     8  stm32f4xx_usart.o(i.USART_SendData)
    UsageFault_Handler                       0x08001b4b   Thumb Code     4  stm32f4xx_it.o(i.UsageFault_Handler)
    __0printf                                0x08001b51   Thumb Code    22  printfa.o(i.__0printf)
    __1printf                                0x08001b51   Thumb Code     0  printfa.o(i.__0printf)
    __2printf                                0x08001b51   Thumb Code     0  printfa.o(i.__0printf)
    __c89printf                              0x08001b51   Thumb Code     0  printfa.o(i.__0printf)
    printf                                   0x08001b51   Thumb Code     0  printfa.o(i.__0printf)
    __0sprintf                               0x08001b71   Thumb Code    34  printfa.o(i.__0sprintf)
    __1sprintf                               0x08001b71   Thumb Code     0  printfa.o(i.__0sprintf)
    __2sprintf                               0x08001b71   Thumb Code     0  printfa.o(i.__0sprintf)
    __c89sprintf                             0x08001b71   Thumb Code     0  printfa.o(i.__0sprintf)
    sprintf                                  0x08001b71   Thumb Code     0  printfa.o(i.__0sprintf)
    __scatterload_copy                       0x08001b99   Thumb Code    14  handlers.o(i.__scatterload_copy)
    __scatterload_null                       0x08001ba7   Thumb Code     2  handlers.o(i.__scatterload_null)
    __scatterload_zeroinit                   0x08001ba9   Thumb Code    14  handlers.o(i.__scatterload_zeroinit)
    drv_systick_init                         0x0800244d   Thumb Code    38  drv_systick.o(i.drv_systick_init)
    fan_OFF                                  0x0800247d   Thumb Code    12  drv_fan.o(i.fan_OFF)
    fan_ON                                   0x0800248d   Thumb Code    12  drv_fan.o(i.fan_ON)
    fan_init                                 0x0800249d   Thumb Code    48  drv_fan.o(i.fan_init)
    fputc                                    0x080024d1   Thumb Code    40  drv_usart.o(i.fputc)
    iic_in                                   0x080024fd   Thumb Code    28  drv_iic.o(i.iic_in)
    iic_init                                 0x0800251d   Thumb Code    46  drv_iic.o(i.iic_init)
    iic_out                                  0x08002551   Thumb Code    38  drv_iic.o(i.iic_out)
    iic_readdata                             0x0800257d   Thumb Code   102  drv_iic.o(i.iic_readdata)
    iic_sendACK                              0x080025e9   Thumb Code    46  drv_iic.o(i.iic_sendACK)
    iic_sendNOACK                            0x0800261d   Thumb Code    46  drv_iic.o(i.iic_sendNOACK)
    iic_senddata                             0x08002651   Thumb Code    88  drv_iic.o(i.iic_senddata)
    iic_start                                0x080026ad   Thumb Code    60  drv_iic.o(i.iic_start)
    iic_stop                                 0x080026ed   Thumb Code    52  drv_iic.o(i.iic_stop)
    iic_waitACK                              0x08002725   Thumb Code    68  drv_iic.o(i.iic_waitACK)
    led_OFF                                  0x0800276d   Thumb Code    14  drv_led.o(i.led_OFF)
    led_ON                                   0x08002781   Thumb Code    14  drv_led.o(i.led_ON)
    led_init                                 0x08002795   Thumb Code    84  drv_led.o(i.led_init)
    main                                     0x080027f1   Thumb Code   408  main.o(i.main)
    robot_dance                              0x08002bd5   Thumb Code   412  drv_sg90.o(i.robot_dance)
    robot_greet                              0x08002d79   Thumb Code   262  drv_sg90.o(i.robot_greet)
    robot_sitdown                            0x08002e85   Thumb Code   166  drv_sg90.o(i.robot_sitdown)
    robot_standup                            0x08002f35   Thumb Code    42  drv_sg90.o(i.robot_standup)
    robot_turn_left                          0x08002f5f   Thumb Code   134  drv_sg90.o(i.robot_turn_left)
    robot_turn_right                         0x08002fe5   Thumb Code   134  drv_sg90.o(i.robot_turn_right)
    robot_walk_continuous                    0x0800306d   Thumb Code   264  drv_sg90.o(i.robot_walk_continuous)
    sg90_init                                0x08003179   Thumb Code    14  drv_sg90.o(i.sg90_init)
    sg90_set_angle                           0x0800319d   Thumb Code   122  drv_sg90.o(i.sg90_set_angle)
    sht20_getRHdata                          0x08003221   Thumb Code   118  drv_sht20.o(i.sht20_getRHdata)
    sht20_getTdata                           0x080032b5   Thumb Code   118  drv_sht20.o(i.sht20_getTdata)
    sht20_init                               0x0800334d   Thumb Code     8  drv_sht20.o(i.sht20_init)
    sht20_read_RH                            0x08003355   Thumb Code   114  drv_sht20.o(i.sht20_read_RH)
    sht20_read_T                             0x080033c7   Thumb Code   114  drv_sht20.o(i.sht20_read_T)
    tim3_init                                0x08003439   Thumb Code   254  drv_time.o(i.tim3_init)
    tim4_delay_init                          0x08003541   Thumb Code    38  drv_time.o(i.tim4_delay_init)
    tim4_delay_ms                            0x0800356d   Thumb Code   104  drv_time.o(i.tim4_delay_ms)
    tim4_delay_us                            0x080035d9   Thumb Code    56  drv_time.o(i.tim4_delay_us)
    update_oled_display                      0x08003615   Thumb Code   508  main.o(i.update_oled_display)
    usart3_init                              0x08003859   Thumb Code   188  drv_usart.o(i.usart3_init)
    usart_2_6_Init                           0x0800391d   Thumb Code   306  drv_usart.o(i.usart_2_6_Init)
    uxListRemove                             0x08003a61   Thumb Code    40  list.o(i.uxListRemove)
    vListInsertEnd                           0x08003a89   Thumb Code    24  list.o(i.vListInsertEnd)
    vTaskSwitchContext                       0x08003aa1   Thumb Code   118  tasks.o(i.vTaskSwitchContext)
    xTaskIncrementTick                       0x08003b2d   Thumb Code   282  tasks.o(i.xTaskIncrementTick)
    asc2_0806                                0x08003c74   Data         552  oled.o(.constdata)
    asc2_1206                                0x08003e9c   Data        1140  oled.o(.constdata)
    asc2_1608                                0x08004310   Data        1520  oled.o(.constdata)
    asc2_2412                                0x08004900   Data        3420  oled.o(.constdata)
    Hzk1                                     0x0800565c   Data         352  oled.o(.constdata)
    Hzk2                                     0x080057bc   Data          72  oled.o(.constdata)
    Hzk3                                     0x08005804   Data         128  oled.o(.constdata)
    Hzk4                                     0x08005884   Data         512  oled.o(.constdata)
    Region$$Table$$Base                      0x08005a84   Number         0  anon$$obj.o(Region$$Table)
    Region$$Table$$Limit                     0x08005aa4   Number         0  anon$$obj.o(Region$$Table)
    BMP_1                                    0x20000000   Data        1024  main.o(.data)
    BMP_2                                    0x20000400   Data        1024  main.o(.data)
    liuhan_BMP64                             0x20000800   Data         512  main.o(.data)
    liuhan_BMP128                            0x20000a00   Data        1024  main.o(.data)
    smile128                                 0x20000e00   Data        1024  main.o(.data)
    bigsmile128                              0x20001200   Data        1024  main.o(.data)
    smile2                                   0x20001600   Data        1024  main.o(.data)
    cry128                                   0x20001a00   Data        1024  main.o(.data)
    nohappy128                               0x20001e00   Data        1024  main.o(.data)
    heart128                                 0x20002200   Data        1024  main.o(.data)
    pikaqiu                                  0x20002600   Data        1024  main.o(.data)
    tiaowu                                   0x20002a00   Data        1024  main.o(.data)
    hello                                    0x20002e00   Data        1024  main.o(.data)
    weather                                  0x20003200   Data         512  main.o(.data)
    right                                    0x20003400   Data         512  main.o(.data)
    left                                     0x20003600   Data         384  main.o(.data)
    stop                                     0x20003780   Data         512  main.o(.data)
    led_ONN                                  0x20003980   Data         512  main.o(.data)
    led_OF                                   0x20003b80   Data         512  main.o(.data)
    times                                    0x20003d80   Data           4  main.o(.data)
    dma_src                                  0x20003d84   Data          20  main.o(.data)
    t                                        0x20003d98   Data           1  main.o(.data)
    current_action                           0x20003d99   Data           1  main.o(.data)
    current_expression                       0x20003d9a   Data           1  main.o(.data)
    fan_speed                                0x20003d9c   Data           1  stm32f4xx_it.o(.data)
    rx_index                                 0x20003d9d   Data           1  stm32f4xx_it.o(.data)
    sht20_temp                               0x20003da0   Data           4  stm32f4xx_it.o(.data)
    sht20_rh                                 0x20003da4   Data           4  stm32f4xx_it.o(.data)
    temp_flag                                0x20003da8   Data           1  stm32f4xx_it.o(.data)
    rh_flag                                  0x20003da9   Data           1  stm32f4xx_it.o(.data)
    liuhan_flag                              0x20003daa   Data           1  stm32f4xx_it.o(.data)
    smile_flag                               0x20003dab   Data           1  stm32f4xx_it.o(.data)
    bigsmile_flag                            0x20003dac   Data           1  stm32f4xx_it.o(.data)
    dance_flag                               0x20003dad   Data           1  stm32f4xx_it.o(.data)
    left_flag                                0x20003dae   Data           1  stm32f4xx_it.o(.data)
    right_flag                               0x20003daf   Data           1  stm32f4xx_it.o(.data)
    greet_flag                               0x20003db0   Data           1  stm32f4xx_it.o(.data)
    dance_em_flag                            0x20003db1   Data           1  stm32f4xx_it.o(.data)
    hello_em_flag                            0x20003db2   Data           1  stm32f4xx_it.o(.data)
    right_em_flag                            0x20003db3   Data           1  stm32f4xx_it.o(.data)
    left_em_flag                             0x20003db4   Data           1  stm32f4xx_it.o(.data)
    stop_em_flag                             0x20003db5   Data           1  stm32f4xx_it.o(.data)
    led_ON_flag                              0x20003db6   Data           1  stm32f4xx_it.o(.data)
    led_OFF_flag                             0x20003db7   Data           1  stm32f4xx_it.o(.data)
    rx_index6                                0x20003db8   Data           1  stm32f4xx_it.o(.data)
    rx_index3                                0x20003db9   Data           1  stm32f4xx_it.o(.data)
    colon_found                              0x20003dba   Data           1  stm32f4xx_it.o(.data)
    wk_flag                                  0x20003dc4   Data           1  drv_sg90.o(.data)
    robot_standup_flag                       0x20003dc5   Data           1  drv_sg90.o(.data)
    robot_sitdown_flag                       0x20003dc6   Data           1  drv_sg90.o(.data)
    pxCurrentTCB                             0x20003ddc   Data           4  tasks.o(.data)
    __stdout                                 0x20003e18   Data           4  stdout.o(.data)
    rx_buffer                                0x20003e1c   Data          40  stm32f4xx_it.o(.bss)
    rx_buffer6                               0x20003e44   Data          40  stm32f4xx_it.o(.bss)
    rx_buffer3                               0x20003e6c   Data          40  stm32f4xx_it.o(.bss)
    tem_hum_data                             0x20003e94   Data          12  drv_sht20.o(.bss)
    OLED_GRAM                                0x20003ea0   Data        1152  oled.o(.bss)
    __initial_sp                             0x200047e8   Data           0  startup_stm32f40_41xxx.o(STACK)



==============================================================================

Memory Map of the image

  Image Entry point : 0x08000189

  Load Region LR_IROM1 (Base: 0x08000000, Size: 0x000098c0, Max: 0x00100000, ABSOLUTE, COMPRESSED[0x00006a28])

    Execution Region ER_IROM1 (Exec base: 0x08000000, Load base: 0x08000000, Size: 0x00005aa4, Max: 0x00100000, ABSOLUTE)

    Exec Addr    Load Addr    Size         Type   Attr      Idx    E Section Name        Object

    0x08000000   0x08000000   0x00000188   Data   RO         6347    RESET               startup_stm32f40_41xxx.o
    0x08000188   0x08000188   0x00000000   Code   RO         7329  * .ARM.Collect$$$$00000000  mc_w.l(entry.o)
    0x08000188   0x08000188   0x00000004   Code   RO         7613    .ARM.Collect$$$$00000001  mc_w.l(entry2.o)
    0x0800018c   0x0800018c   0x00000004   Code   RO         7616    .ARM.Collect$$$$00000004  mc_w.l(entry5.o)
    0x08000190   0x08000190   0x00000000   Code   RO         7618    .ARM.Collect$$$$00000008  mc_w.l(entry7b.o)
    0x08000190   0x08000190   0x00000000   Code   RO         7620    .ARM.Collect$$$$0000000A  mc_w.l(entry8b.o)
    0x08000190   0x08000190   0x00000008   Code   RO         7621    .ARM.Collect$$$$0000000B  mc_w.l(entry9a.o)
    0x08000198   0x08000198   0x00000004   Code   RO         7628    .ARM.Collect$$$$0000000E  mc_w.l(entry12b.o)
    0x0800019c   0x0800019c   0x00000000   Code   RO         7623    .ARM.Collect$$$$0000000F  mc_w.l(entry10a.o)
    0x0800019c   0x0800019c   0x00000000   Code   RO         7625    .ARM.Collect$$$$00000011  mc_w.l(entry11a.o)
    0x0800019c   0x0800019c   0x00000004   Code   RO         7614    .ARM.Collect$$$$00002712  mc_w.l(entry2.o)
    0x080001a0   0x080001a0   0x000000b6   Code   RO         7252    .emb_text           port.o
    0x08000256   0x08000256   0x00000002   PAD
    0x08000258   0x08000258   0x00000024   Code   RO         6348    .text               startup_stm32f40_41xxx.o
    0x0800027c   0x0800027c   0x0000001c   Code   RO         7340    .text               mc_w.l(strcmp.o)
    0x08000298   0x08000298   0x0000014e   Code   RO         7605    .text               mf_w.l(dadd.o)
    0x080003e6   0x080003e6   0x000000e4   Code   RO         7607    .text               mf_w.l(dmul.o)
    0x080004ca   0x080004ca   0x00000026   Code   RO         7609    .text               mf_w.l(f2d.o)
    0x080004f0   0x080004f0   0x00000038   Code   RO         7611    .text               mf_w.l(d2f.o)
    0x08000528   0x08000528   0x0000002c   Code   RO         7630    .text               mc_w.l(uidiv.o)
    0x08000554   0x08000554   0x00000062   Code   RO         7632    .text               mc_w.l(uldiv.o)
    0x080005b6   0x080005b6   0x0000001e   Code   RO         7634    .text               mc_w.l(llshl.o)
    0x080005d4   0x080005d4   0x00000024   Code   RO         7636    .text               mc_w.l(llsshr.o)
    0x080005f8   0x080005f8   0x00000000   Code   RO         7638    .text               mc_w.l(iusefp.o)
    0x080005f8   0x080005f8   0x0000006e   Code   RO         7639    .text               mf_w.l(fepilogue.o)
    0x08000666   0x08000666   0x000000ba   Code   RO         7641    .text               mf_w.l(depilogue.o)
    0x08000720   0x08000720   0x000000de   Code   RO         7643    .text               mf_w.l(ddiv.o)
    0x080007fe   0x080007fe   0x00000030   Code   RO         7645    .text               mf_w.l(dfixul.o)
    0x0800082e   0x0800082e   0x00000002   PAD
    0x08000830   0x08000830   0x00000030   Code   RO         7647    .text               mf_w.l(cdrcmple.o)
    0x08000860   0x08000860   0x00000024   Code   RO         7649    .text               mc_w.l(init.o)
    0x08000884   0x08000884   0x00000020   Code   RO         7651    .text               mc_w.l(llushr.o)
    0x080008a4   0x080008a4   0x0000005e   Code   RO         7661    .text               mc_w.l(__dclz77c.o)
    0x08000902   0x08000902   0x00000004   Code   RO          249    i.BusFault_Handler  stm32f4xx_it.o
    0x08000906   0x08000906   0x00000002   Code   RO          250    i.DebugMon_Handler  stm32f4xx_it.o
    0x08000908   0x08000908   0x00000060   Code   RO          251    i.EXTI9_5_IRQHandler  stm32f4xx_it.o
    0x08000968   0x08000968   0x0000000c   Code   RO         2705    i.EXTI_ClearITPendingBit  stm32f4xx_exti.o
    0x08000974   0x08000974   0x00000018   Code   RO         2709    i.EXTI_GetITStatus  stm32f4xx_exti.o
    0x0800098c   0x0800098c   0x00000090   Code   RO         3218    i.GPIO_Init         stm32f4xx_gpio.o
    0x08000a1c   0x08000a1c   0x00000046   Code   RO         3219    i.GPIO_PinAFConfig  stm32f4xx_gpio.o
    0x08000a62   0x08000a62   0x00000012   Code   RO         3222    i.GPIO_ReadInputDataBit  stm32f4xx_gpio.o
    0x08000a74   0x08000a74   0x00000004   Code   RO         3225    i.GPIO_ResetBits    stm32f4xx_gpio.o
    0x08000a78   0x08000a78   0x00000004   Code   RO         3226    i.GPIO_SetBits      stm32f4xx_gpio.o
    0x08000a7c   0x08000a7c   0x00000008   Code   RO         3228    i.GPIO_ToggleBits   stm32f4xx_gpio.o
    0x08000a84   0x08000a84   0x00000004   Code   RO          252    i.HardFault_Handler  stm32f4xx_it.o
    0x08000a88   0x08000a88   0x0000003c   Code   RO          916    i.I2C_Start         oled.o
    0x08000ac4   0x08000ac4   0x0000002c   Code   RO          917    i.I2C_Stop          oled.o
    0x08000af0   0x08000af0   0x00000034   Code   RO          918    i.I2C_WaitAck       oled.o
    0x08000b24   0x08000b24   0x00000010   Code   RO          919    i.IIC_delay         oled.o
    0x08000b34   0x08000b34   0x00000004   Code   RO          253    i.MemManage_Handler  stm32f4xx_it.o
    0x08000b38   0x08000b38   0x00000002   Code   RO          254    i.NMI_Handler       stm32f4xx_it.o
    0x08000b3a   0x08000b3a   0x00000002   PAD
    0x08000b3c   0x08000b3c   0x00000078   Code   RO         1343    i.NVIC_Init         misc.o
    0x08000bb4   0x08000bb4   0x00000014   Code   RO         1344    i.NVIC_PriorityGroupConfig  misc.o
    0x08000bc8   0x08000bc8   0x00000030   Code   RO          920    i.OLED_Clear        oled.o
    0x08000bf8   0x08000bf8   0x00000078   Code   RO          927    i.OLED_DrawPoint    oled.o
    0x08000c70   0x08000c70   0x00000118   Code   RO          928    i.OLED_Init         oled.o
    0x08000d88   0x08000d88   0x00000068   Code   RO          930    i.OLED_Refresh      oled.o
    0x08000df0   0x08000df0   0x0000013c   Code   RO          932    i.OLED_ShowChar     oled.o
    0x08000f2c   0x08000f2c   0x000000d6   Code   RO          935    i.OLED_ShowPicture  oled.o
    0x08001002   0x08001002   0x0000004a   Code   RO          936    i.OLED_ShowString   oled.o
    0x0800104c   0x0800104c   0x00000038   Code   RO          937    i.OLED_WR_Byte      oled.o
    0x08001084   0x08001084   0x00000020   Code   RO         4144    i.RCC_AHB1PeriphClockCmd  stm32f4xx_rcc.o
    0x080010a4   0x080010a4   0x00000020   Code   RO         4153    i.RCC_APB1PeriphClockCmd  stm32f4xx_rcc.o
    0x080010c4   0x080010c4   0x00000020   Code   RO         4156    i.RCC_APB2PeriphClockCmd  stm32f4xx_rcc.o
    0x080010e4   0x080010e4   0x000000e8   Code   RO         4165    i.RCC_GetClocksFreq  stm32f4xx_rcc.o
    0x080011cc   0x080011cc   0x00000054   Code   RO          938    i.Send_Byte         oled.o
    0x08001220   0x08001220   0x000000ec   Code   RO         6355    i.SetSysClock       system_stm32f4xx.o
    0x0800130c   0x0800130c   0x00000034   Code   RO         7253    i.SysTick_Handler   port.o
    0x08001340   0x08001340   0x00000068   Code   RO         6357    i.SystemInit        system_stm32f4xx.o
    0x080013a8   0x080013a8   0x00000006   Code   RO         5534    i.TIM_ClearFlag     stm32f4xx_tim.o
    0x080013ae   0x080013ae   0x00000018   Code   RO         5540    i.TIM_Cmd           stm32f4xx_tim.o
    0x080013c6   0x080013c6   0x0000001e   Code   RO         5542    i.TIM_CtrlPWMOutputs  stm32f4xx_tim.o
    0x080013e4   0x080013e4   0x00000012   Code   RO         5560    i.TIM_GetFlagStatus  stm32f4xx_tim.o
    0x080013f6   0x080013f6   0x00000002   PAD
    0x080013f8   0x080013f8   0x0000007c   Code   RO         5569    i.TIM_OC1Init       stm32f4xx_tim.o
    0x08001474   0x08001474   0x00000012   Code   RO         5572    i.TIM_OC1PreloadConfig  stm32f4xx_tim.o
    0x08001486   0x08001486   0x00000002   PAD
    0x08001488   0x08001488   0x000000a4   Code   RO         5574    i.TIM_OC2Init       stm32f4xx_tim.o
    0x0800152c   0x0800152c   0x0000001a   Code   RO         5577    i.TIM_OC2PreloadConfig  stm32f4xx_tim.o
    0x08001546   0x08001546   0x00000002   PAD
    0x08001548   0x08001548   0x000000a0   Code   RO         5579    i.TIM_OC3Init       stm32f4xx_tim.o
    0x080015e8   0x080015e8   0x00000012   Code   RO         5582    i.TIM_OC3PreloadConfig  stm32f4xx_tim.o
    0x080015fa   0x080015fa   0x00000002   PAD
    0x080015fc   0x080015fc   0x00000078   Code   RO         5584    i.TIM_OC4Init       stm32f4xx_tim.o
    0x08001674   0x08001674   0x0000001a   Code   RO         5586    i.TIM_OC4PreloadConfig  stm32f4xx_tim.o
    0x0800168e   0x0800168e   0x00000004   Code   RO         5600    i.TIM_SetAutoreload  stm32f4xx_tim.o
    0x08001692   0x08001692   0x00000004   Code   RO         5602    i.TIM_SetCompare1   stm32f4xx_tim.o
    0x08001696   0x08001696   0x00000004   Code   RO         5603    i.TIM_SetCompare2   stm32f4xx_tim.o
    0x0800169a   0x0800169a   0x00000004   Code   RO         5604    i.TIM_SetCompare3   stm32f4xx_tim.o
    0x0800169e   0x0800169e   0x00000004   Code   RO         5605    i.TIM_SetCompare4   stm32f4xx_tim.o
    0x080016a2   0x080016a2   0x00000004   Code   RO         5606    i.TIM_SetCounter    stm32f4xx_tim.o
    0x080016a6   0x080016a6   0x00000002   PAD
    0x080016a8   0x080016a8   0x00000084   Code   RO         5612    i.TIM_TimeBaseInit  stm32f4xx_tim.o
    0x0800172c   0x0800172c   0x000000d0   Code   RO          255    i.USART2_IRQHandler  stm32f4xx_it.o
    0x080017fc   0x080017fc   0x000000d0   Code   RO          256    i.USART3_IRQHandler  stm32f4xx_it.o
    0x080018cc   0x080018cc   0x000000a0   Code   RO          257    i.USART6_IRQHandler  stm32f4xx_it.o
    0x0800196c   0x0800196c   0x00000012   Code   RO         6090    i.USART_ClearFlag   stm32f4xx_usart.o
    0x0800197e   0x0800197e   0x0000001e   Code   RO         6091    i.USART_ClearITPendingBit  stm32f4xx_usart.o
    0x0800199c   0x0800199c   0x00000018   Code   RO         6094    i.USART_Cmd         stm32f4xx_usart.o
    0x080019b4   0x080019b4   0x0000001a   Code   RO         6097    i.USART_GetFlagStatus  stm32f4xx_usart.o
    0x080019ce   0x080019ce   0x00000054   Code   RO         6098    i.USART_GetITStatus  stm32f4xx_usart.o
    0x08001a22   0x08001a22   0x0000004a   Code   RO         6100    i.USART_ITConfig    stm32f4xx_usart.o
    0x08001a6c   0x08001a6c   0x000000cc   Code   RO         6101    i.USART_Init        stm32f4xx_usart.o
    0x08001b38   0x08001b38   0x0000000a   Code   RO         6108    i.USART_ReceiveData  stm32f4xx_usart.o
    0x08001b42   0x08001b42   0x00000008   Code   RO         6111    i.USART_SendData    stm32f4xx_usart.o
    0x08001b4a   0x08001b4a   0x00000004   Code   RO          258    i.UsageFault_Handler  stm32f4xx_it.o
    0x08001b4e   0x08001b4e   0x00000002   PAD
    0x08001b50   0x08001b50   0x00000020   Code   RO         7577    i.__0printf         mc_w.l(printfa.o)
    0x08001b70   0x08001b70   0x00000028   Code   RO         7579    i.__0sprintf        mc_w.l(printfa.o)
    0x08001b98   0x08001b98   0x0000000e   Code   RO         7655    i.__scatterload_copy  mc_w.l(handlers.o)
    0x08001ba6   0x08001ba6   0x00000002   Code   RO         7656    i.__scatterload_null  mc_w.l(handlers.o)
    0x08001ba8   0x08001ba8   0x0000000e   Code   RO         7657    i.__scatterload_zeroinit  mc_w.l(handlers.o)
    0x08001bb6   0x08001bb6   0x00000002   PAD
    0x08001bb8   0x08001bb8   0x00000184   Code   RO         7584    i._fp_digits        mc_w.l(printfa.o)
    0x08001d3c   0x08001d3c   0x000006b4   Code   RO         7585    i._printf_core      mc_w.l(printfa.o)
    0x080023f0   0x080023f0   0x00000024   Code   RO         7586    i._printf_post_padding  mc_w.l(printfa.o)
    0x08002414   0x08002414   0x0000002e   Code   RO         7587    i._printf_pre_padding  mc_w.l(printfa.o)
    0x08002442   0x08002442   0x0000000a   Code   RO         7589    i._sputc            mc_w.l(printfa.o)
    0x0800244c   0x0800244c   0x00000030   Code   RO          494    i.drv_systick_init  drv_systick.o
    0x0800247c   0x0800247c   0x00000010   Code   RO          592    i.fan_OFF           drv_fan.o
    0x0800248c   0x0800248c   0x00000010   Code   RO          593    i.fan_ON            drv_fan.o
    0x0800249c   0x0800249c   0x00000034   Code   RO          594    i.fan_init          drv_fan.o
    0x080024d0   0x080024d0   0x0000002c   Code   RO          688    i.fputc             drv_usart.o
    0x080024fc   0x080024fc   0x00000020   Code   RO          787    i.iic_in            drv_iic.o
    0x0800251c   0x0800251c   0x00000034   Code   RO          788    i.iic_init          drv_iic.o
    0x08002550   0x08002550   0x0000002c   Code   RO          789    i.iic_out           drv_iic.o
    0x0800257c   0x0800257c   0x0000006c   Code   RO          790    i.iic_readdata      drv_iic.o
    0x080025e8   0x080025e8   0x00000034   Code   RO          791    i.iic_sendACK       drv_iic.o
    0x0800261c   0x0800261c   0x00000034   Code   RO          792    i.iic_sendNOACK     drv_iic.o
    0x08002650   0x08002650   0x0000005c   Code   RO          793    i.iic_senddata      drv_iic.o
    0x080026ac   0x080026ac   0x00000040   Code   RO          794    i.iic_start         drv_iic.o
    0x080026ec   0x080026ec   0x00000038   Code   RO          795    i.iic_stop          drv_iic.o
    0x08002724   0x08002724   0x00000048   Code   RO          796    i.iic_waitACK       drv_iic.o
    0x0800276c   0x0800276c   0x00000014   Code   RO          355    i.led_OFF           drv_led.o
    0x08002780   0x08002780   0x00000014   Code   RO          356    i.led_ON            drv_led.o
    0x08002794   0x08002794   0x0000005c   Code   RO          357    i.led_init          drv_led.o
    0x080027f0   0x080027f0   0x000001cc   Code   RO            4    i.main              main.o
    0x080029bc   0x080029bc   0x000001e4   Code   RO          259    i.process_command   stm32f4xx_it.o
    0x08002ba0   0x08002ba0   0x00000034   Code   RO         6744    i.prvResetNextTaskUnblockTime  tasks.o
    0x08002bd4   0x08002bd4   0x000001a4   Code   RO         1214    i.robot_dance       drv_sg90.o
    0x08002d78   0x08002d78   0x0000010c   Code   RO         1215    i.robot_greet       drv_sg90.o
    0x08002e84   0x08002e84   0x000000b0   Code   RO         1216    i.robot_sitdown     drv_sg90.o
    0x08002f34   0x08002f34   0x0000002a   Code   RO         1217    i.robot_standup     drv_sg90.o
    0x08002f5e   0x08002f5e   0x00000086   Code   RO         1218    i.robot_turn_left   drv_sg90.o
    0x08002fe4   0x08002fe4   0x00000086   Code   RO         1219    i.robot_turn_right  drv_sg90.o
    0x0800306a   0x0800306a   0x00000002   PAD
    0x0800306c   0x0800306c   0x0000010c   Code   RO         1220    i.robot_walk_continuous  drv_sg90.o
    0x08003178   0x08003178   0x00000024   Code   RO         1221    i.sg90_init         drv_sg90.o
    0x0800319c   0x0800319c   0x00000084   Code   RO         1222    i.sg90_set_angle    drv_sg90.o
    0x08003220   0x08003220   0x00000094   Code   RO          865    i.sht20_getRHdata   drv_sht20.o
    0x080032b4   0x080032b4   0x00000098   Code   RO          866    i.sht20_getTdata    drv_sht20.o
    0x0800334c   0x0800334c   0x00000008   Code   RO          867    i.sht20_init        drv_sht20.o
    0x08003354   0x08003354   0x00000072   Code   RO          868    i.sht20_read_RH     drv_sht20.o
    0x080033c6   0x080033c6   0x00000072   Code   RO          869    i.sht20_read_T      drv_sht20.o
    0x08003438   0x08003438   0x00000108   Code   RO          725    i.tim3_init         drv_time.o
    0x08003540   0x08003540   0x0000002c   Code   RO          726    i.tim4_delay_init   drv_time.o
    0x0800356c   0x0800356c   0x0000006c   Code   RO          727    i.tim4_delay_ms     drv_time.o
    0x080035d8   0x080035d8   0x0000003c   Code   RO          728    i.tim4_delay_us     drv_time.o
    0x08003614   0x08003614   0x00000244   Code   RO            5    i.update_oled_display  main.o
    0x08003858   0x08003858   0x000000c4   Code   RO          689    i.usart3_init       drv_usart.o
    0x0800391c   0x0800391c   0x00000144   Code   RO          690    i.usart_2_6_Init    drv_usart.o
    0x08003a60   0x08003a60   0x00000028   Code   RO         6501    i.uxListRemove      list.o
    0x08003a88   0x08003a88   0x00000018   Code   RO         6505    i.vListInsertEnd    list.o
    0x08003aa0   0x08003aa0   0x0000008c   Code   RO         6773    i.vTaskSwitchContext  tasks.o
    0x08003b2c   0x08003b2c   0x00000148   Code   RO         6782    i.xTaskIncrementTick  tasks.o
    0x08003c74   0x08003c74   0x00001e10   Data   RO          940    .constdata          oled.o
    0x08005a84   0x08005a84   0x00000020   Data   RO         7653    Region$$Table       anon$$obj.o


    Execution Region RW_IRAM1 (Exec base: 0x20000000, Load base: 0x08005aa4, Size: 0x000047e8, Max: 0x00020000, ABSOLUTE, COMPRESSED[0x00000f84])

    Exec Addr    Load Addr    Size         Type   Attr      Idx    E Section Name        Object

    0x20000000   COMPRESSED   0x00003d9b   Data   RW            7    .data               main.o
    0x20003d9b   COMPRESSED   0x00000001   PAD
    0x20003d9c   COMPRESSED   0x0000001f   Data   RW          261    .data               stm32f4xx_it.o
    0x20003dbb   COMPRESSED   0x00000001   PAD
    0x20003dbc   COMPRESSED   0x00000008   Data   RW          497    .data               drv_systick.o
    0x20003dc4   COMPRESSED   0x00000006   Data   RW         1224    .data               drv_sg90.o
    0x20003dca   COMPRESSED   0x00000010   Data   RW         4197    .data               stm32f4xx_rcc.o
    0x20003dda   COMPRESSED   0x00000002   PAD
    0x20003ddc   COMPRESSED   0x0000003c   Data   RW         6791    .data               tasks.o
    0x20003e18   COMPRESSED   0x00000004   Data   RW         7629    .data               mc_w.l(stdout.o)
    0x20003e1c        -       0x00000078   Zero   RW          260    .bss                stm32f4xx_it.o
    0x20003e94        -       0x0000000c   Zero   RW          870    .bss                drv_sht20.o
    0x20003ea0        -       0x00000480   Zero   RW          939    .bss                oled.o
    0x20004320        -       0x000000c8   Zero   RW         6790    .bss                tasks.o
    0x200043e8        -       0x00000400   Zero   RW         6345    STACK               startup_stm32f40_41xxx.o


==============================================================================

Image component sizes


      Code (inc. data)   RO Data    RW Data    ZI Data      Debug   Object Name

        84         12          0          0          0       1510   drv_fan.o
       624         50          0          0          0       5611   drv_iic.o
       132         20          0          0          0       1526   drv_led.o
      1610         76          0          6          0       7618   drv_sg90.o
       536         64          0          0         12       3418   drv_sht20.o
        48         10          0          8          0        755   drv_systick.o
       476         24          0          0          0       2618   drv_time.o
       564         30          0          0          0       2111   drv_usart.o
         0          0          0          0          0       7972   event_groups.o
        64          0          0          0          0       1564   list.o
      1040        140          0      15771          0     306320   main.o
       140         24          0          0          0       1735   misc.o
      1468         58       7696          0       1152      10086   oled.o
       234         22          0          0          0       3990   port.o
        36          8        392          0       1024        936   startup_stm32f40_41xxx.o
        36         10          0          0          0       1252   stm32f4xx_exti.o
       248          0          0          0          0       4517   stm32f4xx_gpio.o
      1176        234          0         31        120       7910   stm32f4xx_it.o
       328         36          0         16          0       4995   stm32f4xx_rcc.o
       890         66          0          0          0      13447   stm32f4xx_tim.o
       478          8          0          0          0       7309   stm32f4xx_usart.o
       340         32          0          0          0       1849   system_stm32f4xx.o
       520         78          0         60        200       6213   tasks.o

    ----------------------------------------------------------------------
     11090       1002       8120      15896       2508     405262   Object Totals
         0          0         32          0          0          0   (incl. Generated)
        18          0          0          4          0          0   (incl. Padding)

    ----------------------------------------------------------------------

      Code (inc. data)   RO Data    RW Data    ZI Data      Debug   Library Member Name

        94          0          0          0          0          0   __dclz77c.o
         0          0          0          0          0          0   entry.o
         0          0          0          0          0          0   entry10a.o
         0          0          0          0          0          0   entry11a.o
         4          0          0          0          0          0   entry12b.o
         8          4          0          0          0          0   entry2.o
         4          0          0          0          0          0   entry5.o
         0          0          0          0          0          0   entry7b.o
         0          0          0          0          0          0   entry8b.o
         8          4          0          0          0          0   entry9a.o
        30          0          0          0          0          0   handlers.o
        36          8          0          0          0         68   init.o
         0          0          0          0          0          0   iusefp.o
        30          0          0          0          0         68   llshl.o
        36          0          0          0          0         68   llsshr.o
        32          0          0          0          0         68   llushr.o
      2268         96          0          0          0        616   printfa.o
         0          0          0          4          0          0   stdout.o
        28          0          0          0          0         76   strcmp.o
        44          0          0          0          0         80   uidiv.o
        98          0          0          0          0         92   uldiv.o
        48          0          0          0          0         68   cdrcmple.o
        56          0          0          0          0         88   d2f.o
       334          0          0          0          0        148   dadd.o
       222          0          0          0          0        100   ddiv.o
       186          0          0          0          0        176   depilogue.o
        48          0          0          0          0         68   dfixul.o
       228          0          0          0          0         96   dmul.o
        38          0          0          0          0         68   f2d.o
       110          0          0          0          0        168   fepilogue.o

    ----------------------------------------------------------------------
      3994        112          0          4          0       2116   Library Totals
         4          0          0          0          0          0   (incl. Padding)

    ----------------------------------------------------------------------

      Code (inc. data)   RO Data    RW Data    ZI Data      Debug   Library Name

      2720        112          0          4          0       1136   mc_w.l
      1270          0          0          0          0        980   mf_w.l

    ----------------------------------------------------------------------
      3994        112          0          4          0       2116   Library Totals

    ----------------------------------------------------------------------

==============================================================================


      Code (inc. data)   RO Data    RW Data    ZI Data      Debug   

     15084       1114       8120      15900       2508     395622   Grand Totals
     15084       1114       8120       3972       2508     395622   ELF Image Totals (compressed)
     15084       1114       8120       3972          0          0   ROM Totals

==============================================================================

    Total RO  Size (Code + RO Data)                23204 (  22.66kB)
    Total RW  Size (RW Data + ZI Data)             18408 (  17.98kB)
    Total ROM Size (Code + RO Data + RW Data)      27176 (  26.54kB)

==============================================================================

